Archive member included to satisfy reference by file (symbol)

/Applications/STM32CubeIDE.app/Contents/Eclipse/plugins/com.st.stm32cube.ide.mcu.externaltools.gnu-tools-for-stm32.11.3.rel1.macos64_1.1.1.202309131626/tools/bin/../lib/gcc/arm-none-eabi/11.3.1/../../../../arm-none-eabi/lib/thumb/v7e-m+fp/hard/libc_nano.a(libc_a-exit.o)
                              /Applications/STM32CubeIDE.app/Contents/Eclipse/plugins/com.st.stm32cube.ide.mcu.externaltools.gnu-tools-for-stm32.11.3.rel1.macos64_1.1.1.202309131626/tools/bin/../lib/gcc/arm-none-eabi/11.3.1/../../../../arm-none-eabi/lib/thumb/v7e-m+fp/hard/crt0.o (exit)
/Applications/STM32CubeIDE.app/Contents/Eclipse/plugins/com.st.stm32cube.ide.mcu.externaltools.gnu-tools-for-stm32.11.3.rel1.macos64_1.1.1.202309131626/tools/bin/../lib/gcc/arm-none-eabi/11.3.1/../../../../arm-none-eabi/lib/thumb/v7e-m+fp/hard/libc_nano.a(libc_a-findfp.o)
                              /Applications/STM32CubeIDE.app/Contents/Eclipse/plugins/com.st.stm32cube.ide.mcu.externaltools.gnu-tools-for-stm32.11.3.rel1.macos64_1.1.1.202309131626/tools/bin/../lib/gcc/arm-none-eabi/11.3.1/../../../../arm-none-eabi/lib/thumb/v7e-m+fp/hard/libc_nano.a(libc_a-exit.o) (__stdio_exit_handler)
/Applications/STM32CubeIDE.app/Contents/Eclipse/plugins/com.st.stm32cube.ide.mcu.externaltools.gnu-tools-for-stm32.11.3.rel1.macos64_1.1.1.202309131626/tools/bin/../lib/gcc/arm-none-eabi/11.3.1/../../../../arm-none-eabi/lib/thumb/v7e-m+fp/hard/libc_nano.a(libc_a-fwalk.o)
                              /Applications/STM32CubeIDE.app/Contents/Eclipse/plugins/com.st.stm32cube.ide.mcu.externaltools.gnu-tools-for-stm32.11.3.rel1.macos64_1.1.1.202309131626/tools/bin/../lib/gcc/arm-none-eabi/11.3.1/../../../../arm-none-eabi/lib/thumb/v7e-m+fp/hard/libc_nano.a(libc_a-findfp.o) (_fwalk_sglue)
/Applications/STM32CubeIDE.app/Contents/Eclipse/plugins/com.st.stm32cube.ide.mcu.externaltools.gnu-tools-for-stm32.11.3.rel1.macos64_1.1.1.202309131626/tools/bin/../lib/gcc/arm-none-eabi/11.3.1/../../../../arm-none-eabi/lib/thumb/v7e-m+fp/hard/libc_nano.a(libc_a-memset.o)
                              /Applications/STM32CubeIDE.app/Contents/Eclipse/plugins/com.st.stm32cube.ide.mcu.externaltools.gnu-tools-for-stm32.11.3.rel1.macos64_1.1.1.202309131626/tools/bin/../lib/gcc/arm-none-eabi/11.3.1/../../../../arm-none-eabi/lib/thumb/v7e-m+fp/hard/crt0.o (memset)
/Applications/STM32CubeIDE.app/Contents/Eclipse/plugins/com.st.stm32cube.ide.mcu.externaltools.gnu-tools-for-stm32.11.3.rel1.macos64_1.1.1.202309131626/tools/bin/../lib/gcc/arm-none-eabi/11.3.1/../../../../arm-none-eabi/lib/thumb/v7e-m+fp/hard/libc_nano.a(libc_a-impure.o)
                              /Applications/STM32CubeIDE.app/Contents/Eclipse/plugins/com.st.stm32cube.ide.mcu.externaltools.gnu-tools-for-stm32.11.3.rel1.macos64_1.1.1.202309131626/tools/bin/../lib/gcc/arm-none-eabi/11.3.1/../../../../arm-none-eabi/lib/thumb/v7e-m+fp/hard/libc_nano.a(libc_a-findfp.o) (_impure_data)
/Applications/STM32CubeIDE.app/Contents/Eclipse/plugins/com.st.stm32cube.ide.mcu.externaltools.gnu-tools-for-stm32.11.3.rel1.macos64_1.1.1.202309131626/tools/bin/../lib/gcc/arm-none-eabi/11.3.1/../../../../arm-none-eabi/lib/thumb/v7e-m+fp/hard/libc_nano.a(libc_a-errno.o)
                              ./Core/Src/syscalls.o (__errno)
/Applications/STM32CubeIDE.app/Contents/Eclipse/plugins/com.st.stm32cube.ide.mcu.externaltools.gnu-tools-for-stm32.11.3.rel1.macos64_1.1.1.202309131626/tools/bin/../lib/gcc/arm-none-eabi/11.3.1/../../../../arm-none-eabi/lib/thumb/v7e-m+fp/hard/libc_nano.a(libc_a-init.o)
                              /Applications/STM32CubeIDE.app/Contents/Eclipse/plugins/com.st.stm32cube.ide.mcu.externaltools.gnu-tools-for-stm32.11.3.rel1.macos64_1.1.1.202309131626/tools/bin/../lib/gcc/arm-none-eabi/11.3.1/../../../../arm-none-eabi/lib/thumb/v7e-m+fp/hard/crt0.o (__libc_init_array)
/Applications/STM32CubeIDE.app/Contents/Eclipse/plugins/com.st.stm32cube.ide.mcu.externaltools.gnu-tools-for-stm32.11.3.rel1.macos64_1.1.1.202309131626/tools/bin/../lib/gcc/arm-none-eabi/11.3.1/../../../../arm-none-eabi/lib/thumb/v7e-m+fp/hard/libc_nano.a(libc_a-lock.o)
                              /Applications/STM32CubeIDE.app/Contents/Eclipse/plugins/com.st.stm32cube.ide.mcu.externaltools.gnu-tools-for-stm32.11.3.rel1.macos64_1.1.1.202309131626/tools/bin/../lib/gcc/arm-none-eabi/11.3.1/../../../../arm-none-eabi/lib/thumb/v7e-m+fp/hard/libc_nano.a(libc_a-findfp.o) (__retarget_lock_init_recursive)
/Applications/STM32CubeIDE.app/Contents/Eclipse/plugins/com.st.stm32cube.ide.mcu.externaltools.gnu-tools-for-stm32.11.3.rel1.macos64_1.1.1.202309131626/tools/bin/../lib/gcc/arm-none-eabi/11.3.1/../../../../arm-none-eabi/lib/thumb/v7e-m+fp/hard/libc_nano.a(libc_a-mallocr.o)
[...]
Memory Configuration

Name             Origin             Length             Attributes
RAM              0x0000000020000000 0x0000000000020000 xrw
FLASH            0x0000000008000000 0x0000000000080000 xr
*default*        0x0000000000000000 0xffffffffffffffff

Linker script and memory map

LOAD /Applications/STM32CubeIDE.app/Contents/Eclipse/plugins/com.st.stm32cube.ide.mcu.externaltools.gnu-tools-for-stm32.11.3.rel1.macos64_1.1.1.202309131626/tools/bin/../lib/gcc/arm-none-eabi/11.3.1/thumb/v7e-m+fp/hard/crti.o
LOAD /Applications/STM32CubeIDE.app/Contents/Eclipse/plugins/com.st.stm32cube.ide.mcu.externaltools.gnu-tools-for-stm32.11.3.rel1.macos64_1.1.1.202309131626/tools/bin/../lib/gcc/arm-none-eabi/11.3.1/thumb/v7e-m+fp/hard/crtbegin.o
LOAD /Applications/STM32CubeIDE.app/Contents/Eclipse/plugins/com.st.stm32cube.ide.mcu.externaltools.gnu-tools-for-stm32.11.3.rel1.macos64_1.1.1.202309131626/tools/bin/../lib/gcc/arm-none-eabi/11.3.1/../../../../arm-none-eabi/lib/thumb/v7e-m+fp/hard/crt0.o
LOAD ./Core/Src/controller.o
LOAD ./Core/Src/encoders.o
LOAD ./Core/Src/main.o
LOAD ./Core/Src/motors.o
LOAD ./Core/Src/pid.o
LOAD ./Core/Src/stm32f4xx_hal_msp.o
LOAD ./Core/Src/stm32f4xx_it.o
LOAD ./Core/Src/syscalls.o
LOAD ./Core/Src/sysmem.o
LOAD ./Core/Src/system_stm32f4xx.o
LOAD ./Core/Src/systick.o
LOAD ./Core/Startup/startup_stm32f411retx.o
LOAD ./Drivers/STM32F4xx_HAL_Driver/Src/stm32f4xx_hal.o
LOAD ./Drivers/STM32F4xx_HAL_Driver/Src/stm32f4xx_hal_cortex.o
LOAD ./Drivers/STM32F4xx_HAL_Driver/Src/stm32f4xx_hal_dma.o
LOAD ./Drivers/STM32F4xx_HAL_Driver/Src/stm32f4xx_hal_dma_ex.o
LOAD ./Drivers/STM32F4xx_HAL_Driver/Src/stm32f4xx_hal_exti.o
LOAD ./Drivers/STM32F4xx_HAL_Driver/Src/stm32f4xx_hal_flash.o
LOAD ./Drivers/STM32F4xx_HAL_Driver/Src/stm32f4xx_hal_flash_ex.o
LOAD ./Drivers/STM32F4xx_HAL_Driver/Src/stm32f4xx_hal_flash_ramfunc.o
LOAD ./Drivers/STM32F4xx_HAL_Driver/Src/stm32f4xx_hal_gpio.o
LOAD ./Drivers/STM32F4xx_HAL_Driver/Src/stm32f4xx_hal_pwr.o
LOAD ./Drivers/STM32F4xx_HAL_Driver/Src/stm32f4xx_hal_pwr_ex.o
LOAD ./Drivers/STM32F4xx_HAL_Driver/Src/stm32f4xx_hal_rcc.o
LOAD ./Drivers/STM32F4xx_HAL_Driver/Src/stm32f4xx_hal_rcc_ex.o
LOAD ./Drivers/STM32F4xx_HAL_Driver/Src/stm32f4xx_hal_tim.o
LOAD ./Drivers/STM32F4xx_HAL_Driver/Src/stm32f4xx_hal_tim_ex.o
LOAD ./Drivers/STM32F4xx_HAL_Driver/Src/stm32f4xx_hal_uart.o
START GROUP
LOAD /Applications/STM32CubeIDE.app/Contents/Eclipse/plugins/com.st.stm32cube.ide.mcu.externaltools.gnu-tools-for-stm32.11.3.rel1.macos64_1.1.1.202309131626/tools/bin/../lib/gcc/arm-none-eabi/11.3.1/../../../../arm-none-eabi/lib/thumb/v7e-m+fp/hard/libc_nano.a
LOAD /Applications/STM32CubeIDE.app/Contents/Eclipse/plugins/com.st.stm32cube.ide.mcu.externaltools.gnu-tools-for-stm32.11.3.rel1.macos64_1.1.1.202309131626/tools/bin/../lib/gcc/arm-none-eabi/11.3.1/../../../../arm-none-eabi/lib/thumb/v7e-m+fp/hard/libm.a
END GROUP
START GROUP
LOAD /Applications/STM32CubeIDE.app/Contents/Eclipse/plugins/com.st.stm32cube.ide.mcu.externaltools.gnu-tools-for-stm32.11.3.rel1.macos64_1.1.1.202309131626/tools/bin/../lib/gcc/arm-none-eabi/11.3.1/thumb/v7e-m+fp/hard/libgcc.a
LOAD /Applications/STM32CubeIDE.app/Contents/Eclipse/plugins/com.st.stm32cube.ide.mcu.externaltools.gnu-tools-for-stm32.11.3.rel1.macos64_1.1.1.202309131626/tools/bin/../lib/gcc/arm-none-eabi/11.3.1/../../../../arm-none-eabi/lib/thumb/v7e-m+fp/hard/libc_nano.a
END GROUP
START GROUP
LOAD /Applications/STM32CubeIDE.app/Contents/Eclipse/plugins/com.st.stm32cube.ide.mcu.externaltools.gnu-tools-for-stm32.11.3.rel1.macos64_1.1.1.202309131626/tools/bin/../lib/gcc/arm-none-eabi/11.3.1/thumb/v7e-m+fp/hard/libgcc.a
LOAD /Applications/STM32CubeIDE.app/Contents/Eclipse/plugins/com.st.stm32cube.ide.mcu.externaltools.gnu-tools-for-stm32.11.3.rel1.macos64_1.1.1.202309131626/tools/bin/../lib/gcc/arm-none-eabi/11.3.1/../../../../arm-none-eabi/lib/thumb/v7e-m+fp/hard/libc_nano.a
LOAD /Applications/STM32CubeIDE.app/Contents/Eclipse/plugins/com.st.stm32cube.ide.mcu.externaltools.gnu-tools-for-stm32.11.3.rel1.macos64_1.1.1.202309131626/tools/bin/../lib/gcc/arm-none-eabi/11.3.1/../../../../arm-none-eabi/lib/thumb/v7e-m+fp/hard/libnosys.a
END GROUP
START GROUP
LOAD /Applications/STM32CubeIDE.app/Contents/Eclipse/plugins/com.st.stm32cube.ide.mcu.externaltools.gnu-tools-for-stm32.11.3.rel1.macos64_1.1.1.202309131626/tools/bin/../lib/gcc/arm-none-eabi/11.3.1/thumb/v7e-m+fp/hard/libgcc.a
LOAD /Applications/STM32CubeIDE.app/Contents/Eclipse/plugins/com.st.stm32cube.ide.mcu.externaltools.gnu-tools-for-stm32.11.3.rel1.macos64_1.1.1.202309131626/tools/bin/../lib/gcc/arm-none-eabi/11.3.1/../../../../arm-none-eabi/lib/thumb/v7e-m+fp/hard/libc_nano.a
LOAD /Applications/STM32CubeIDE.app/Contents/Eclipse/plugins/com.st.stm32cube.ide.mcu.externaltools.gnu-tools-for-stm32.11.3.rel1.macos64_1.1.1.202309131626/tools/bin/../lib/gcc/arm-none-eabi/11.3.1/../../../../arm-none-eabi/lib/thumb/v7e-m+fp/hard/libnosys.a
END GROUP
LOAD /Applications/STM32CubeIDE.app/Contents/Eclipse/plugins/com.st.stm32cube.ide.mcu.externaltools.gnu-tools-for-stm32.11.3.rel1.macos64_1.1.1.202309131626/tools/bin/../lib/gcc/arm-none-eabi/11.3.1/thumb/v7e-m+fp/hard/crtend.o
LOAD /Applications/STM32CubeIDE.app/Contents/Eclipse/plugins/com.st.stm32cube.ide.mcu.externaltools.gnu-tools-for-stm32.11.3.rel1.macos64_1.1.1.202309131626/tools/bin/../lib/gcc/arm-none-eabi/11.3.1/thumb/v7e-m+fp/hard/crtn.o
                0x0000000020020000                _estack = (ORIGIN (RAM) + LENGTH (RAM))
                0x0000000000000200                _Min_Heap_Size = 0x200
                0x0000000000000400                _Min_Stack_Size = 0x400

.isr_vector     0x0000000008000000      0x198
                0x0000000008000000                . = ALIGN (0x4)
 *(.isr_vector)
 .isr_vector    0x0000000008000000      0x198 ./Core/Startup/startup_stm32f411retx.o
                0x0000000008000000                g_pfnVectors
                0x0000000008000198                . = ALIGN (0x4)

.text           0x0000000008000198     0x3a98
                0x0000000008000198                . = ALIGN (0x4)
 *(.text)
 .text          0x0000000008000198       0x40 /Applications/STM32CubeIDE.app/Contents/Eclipse/plugins/com.st.stm32cube.ide.mcu.externaltools.gnu-tools-for-stm32.11.3.rel1.macos64_1.1.1.202309131626/tools/bin/../lib/gcc/arm-none-eabi/11.3.1/thumb/v7e-m+fp/hard/crtbegin.o
 .text          0x00000000080001d8      0x378 /Applications/STM32CubeIDE.app/Contents/Eclipse/plugins/com.st.stm32cube.ide.mcu.externaltools.gnu-tools-for-stm32.11.3.rel1.macos64_1.1.1.202309131626/tools/bin/../lib/gcc/arm-none-eabi/11.3.1/thumb/v7e-m+fp/hard/libgcc.a(_arm_addsubdf3.o)
                0x00000000080001d8                __aeabi_drsub
                0x00000000080001e0                __subdf3
                0x00000000080001e0                __aeabi_dsub
                0x00000000080001e4                __aeabi_dadd
                0x00000000080001e4                __adddf3
                0x000000000800045c                __aeabi_ui2d
                0x000000000800045c                __floatunsidf
                0x000000000800047c                __floatsidf
                0x000000000800047c                __aeabi_i2d
                0x00000000080004a0                __extendsfdf2
                0x00000000080004a0                __aeabi_f2d
                0x00000000080004e4                __aeabi_ul2d
                0x00000000080004e4                __floatundidf
                0x00000000080004f4                __aeabi_l2d
                0x00000000080004f4                __floatdidf
 .text          0x0000000008000550      0x110 /Applications/STM32CubeIDE.app/Contents/Eclipse/plugins/com.st.stm32cube.ide.mcu.externaltools.gnu-tools-for-stm32.11.3.rel1.macos64_1.1.1.202309131626/tools/bin/../lib/gcc/arm-none-eabi/11.3.1/thumb/v7e-m+fp/hard/libgcc.a(_arm_cmpdf2.o)
                0x0000000008000550                __gedf2
                0x0000000008000550                __gtdf2
                0x0000000008000558                __ledf2
                0x0000000008000558                __ltdf2
                0x0000000008000560                __cmpdf2
                0x0000000008000560                __eqdf2
                0x0000000008000560                __nedf2
                0x00000000080005dc                __aeabi_cdrcmple
                0x00000000080005ec                __aeabi_cdcmple
                0x00000000080005ec                __aeabi_cdcmpeq
                0x00000000080005fc                __aeabi_dcmpeq
                0x0000000008000610                __aeabi_dcmplt
                0x0000000008000624                __aeabi_dcmple
                0x0000000008000638                __aeabi_dcmpge
                0x000000000800064c                __aeabi_dcmpgt
 .text          0x0000000008000660       0xa0 /Applications/STM32CubeIDE.app/Contents/Eclipse/plugins/com.st.stm32cube.ide.mcu.externaltools.gnu-tools-for-stm32.11.3.rel1.macos64_1.1.1.202309131626/tools/bin/../lib/gcc/arm-none-eabi/11.3.1/thumb/v7e-m+fp/hard/libgcc.a(_arm_truncdfsf2.o)
                0x0000000008000660                __aeabi_d2f
                0x0000000008000660                __truncdfsf2
 .text          0x0000000008000700       0x30 /Applications/STM32CubeIDE.app/Contents/Eclipse/plugins/com.st.stm32cube.ide.mcu.externaltools.gnu-tools-for-stm32.11.3.rel1.macos64_1.1.1.202309131626/tools/bin/../lib/gcc/arm-none-eabi/11.3.1/thumb/v7e-m+fp/hard/libgcc.a(_aeabi_uldivmod.o)
                0x0000000008000700                __aeabi_uldivmod
 .text          0x0000000008000730      0x2c8 /Applications/STM32CubeIDE.app/Contents/Eclipse/plugins/com.st.stm32cube.ide.mcu.externaltools.gnu-tools-for-stm32.11.3.rel1.macos64_1.1.1.202309131626/tools/bin/../lib/gcc/arm-none-eabi/11.3.1/thumb/v7e-m+fp/hard/libgcc.a(_udivmoddi4.o)
                0x0000000008000730                __udivmoddi4
 .text          0x00000000080009f8        0x4 /Applications/STM32CubeIDE.app/Contents/Eclipse/plugins/com.st.stm32cube.ide.mcu.externaltools.gnu-tools-for-stm32.11.3.rel1.macos64_1.1.1.202309131626/tools/bin/../lib/gcc/arm-none-eabi/11.3.1/thumb/v7e-m+fp/hard/libgcc.a(_dvmd_tls.o)
                0x00000000080009f8                __aeabi_ldiv0
                0x00000000080009f8                __aeabi_idiv0
 *(.text*)
 .text.turn     0x00000000080009fc       0x40 ./Core/Src/controller.o
                0x00000000080009fc                turn
 .text.getRightEncoderCounts
                0x0000000008000a3c       0x1c ./Core/Src/encoders.o
                0x0000000008000a3c                getRightEncoderCounts
 .text.getLeftEncoderCounts
                0x0000000008000a58       0x20 ./Core/Src/encoders.o
                0x0000000008000a58                getLeftEncoderCounts
 .text.resetEncoders
                0x0000000008000a78       0x20 ./Core/Src/encoders.o
                0x0000000008000a78                resetEncoders
 .text.main     0x0000000008000a98       0x94 ./Core/Src/main.o
                0x0000000008000a98                main
 .text.SystemClock_Config
                0x0000000008000b2c       0xd4 ./Core/Src/main.o
                0x0000000008000b2c                SystemClock_Config
 .text.MX_TIM1_Init
                0x0000000008000c00       0xb0 ./Core/Src/main.o
 .text.MX_TIM2_Init
                0x0000000008000cb0       0xa8 ./Core/Src/main.o
 .text.MX_TIM4_Init
                0x0000000008000d58       0xf4 ./Core/Src/main.o
 .text.MX_USART2_UART_Init
                0x0000000008000e4c       0x54 ./Core/Src/main.o
 .text.MX_GPIO_Init
                0x0000000008000ea0       0xec ./Core/Src/main.o
 .text.HAL_GPIO_EXTI_Callback
                0x0000000008000f8c       0x34 ./Core/Src/main.o
                0x0000000008000f8c                HAL_GPIO_EXTI_Callback
 .text.Error_Handler
                0x0000000008000fc0        0xa ./Core/Src/main.o
                0x0000000008000fc0                Error_Handler
 *fill*         0x0000000008000fca        0x6 
 .text.limitPWM
                0x0000000008000fd0       0x68 ./Core/Src/motors.o
                0x0000000008000fd0                limitPWM
 .text.setMotorLPWM
                0x0000000008001038       0x7c ./Core/Src/motors.o
                0x0000000008001038                setMotorLPWM
 .text.setMotorRPWM
                0x00000000080010b4       0x80 ./Core/Src/motors.o
                0x00000000080010b4                setMotorRPWM
 .text.resetMotors
                0x0000000008001134       0x1c ./Core/Src/motors.o
                0x0000000008001134                resetMotors
 .text.resetPID
                0x0000000008001150       0x48 ./Core/Src/pid.o
                0x0000000008001150                resetPID
 .text.updatePID
                0x0000000008001198      0x294 ./Core/Src/pid.o
                0x0000000008001198                updatePID
 .text.setPIDGoalD
                0x000000000800142c       0x2c ./Core/Src/pid.o
                0x000000000800142c                setPIDGoalD
 .text.setPIDGoalA
                0x0000000008001458       0x2c ./Core/Src/pid.o
                0x0000000008001458                setPIDGoalA
 .text.PIDdone  0x0000000008001484       0x48 ./Core/Src/pid.o
                0x0000000008001484                PIDdone
 .text.HAL_MspInit
                0x00000000080014cc       0x50 ./Core/Src/stm32f4xx_hal_msp.o
                0x00000000080014cc                HAL_MspInit
 .text.HAL_TIM_Encoder_MspInit
                0x000000000800151c       0xf4 ./Core/Src/stm32f4xx_hal_msp.o
                0x000000000800151c                HAL_TIM_Encoder_MspInit
 .text.HAL_TIM_PWM_MspInit
                0x0000000008001610       0x50 ./Core/Src/stm32f4xx_hal_msp.o
                0x0000000008001610                HAL_TIM_PWM_MspInit
 .text.HAL_TIM_MspPostInit
                0x0000000008001660       0x74 ./Core/Src/stm32f4xx_hal_msp.o
                0x0000000008001660                HAL_TIM_MspPostInit
 .text.HAL_UART_MspInit
                0x00000000080016d4       0x90 ./Core/Src/stm32f4xx_hal_msp.o
                0x00000000080016d4                HAL_UART_MspInit
 .text.NMI_Handler
                0x0000000008001764        0x6 ./Core/Src/stm32f4xx_it.o
                0x0000000008001764                NMI_Handler
 .text.HardFault_Handler
                0x000000000800176a        0x6 ./Core/Src/stm32f4xx_it.o
                0x000000000800176a                HardFault_Handler
 .text.MemManage_Handler
                0x0000000008001770        0x6 ./Core/Src/stm32f4xx_it.o
                0x0000000008001770                MemManage_Handler
 .text.BusFault_Handler
                0x0000000008001776        0x6 ./Core/Src/stm32f4xx_it.o
                0x0000000008001776                BusFault_Handler
 .text.UsageFault_Handler
                0x000000000800177c        0x6 ./Core/Src/stm32f4xx_it.o
                0x000000000800177c                UsageFault_Handler
 .text.SVC_Handler
                0x0000000008001782        0xe ./Core/Src/stm32f4xx_it.o
                0x0000000008001782                SVC_Handler
 .text.DebugMon_Handler
                0x0000000008001790        0xe ./Core/Src/stm32f4xx_it.o
                0x0000000008001790                DebugMon_Handler
 .text.PendSV_Handler
                0x000000000800179e        0xe ./Core/Src/stm32f4xx_it.o
                0x000000000800179e                PendSV_Handler
 .text.SysTick_Handler
                0x00000000080017ac       0x10 ./Core/Src/stm32f4xx_it.o
                0x00000000080017ac                SysTick_Handler
 .text.TIM4_IRQHandler
                0x00000000080017bc       0x14 ./Core/Src/stm32f4xx_it.o
                0x00000000080017bc                TIM4_IRQHandler
 .text.EXTI15_10_IRQHandler
                0x00000000080017d0       0x10 ./Core/Src/stm32f4xx_it.o
                0x00000000080017d0                EXTI15_10_IRQHandler
 .text.SystemInit
                0x00000000080017e0       0x24 ./Core/Src/system_stm32f4xx.o
                0x00000000080017e0                SystemInit
 .text.SysTickFunction
                0x0000000008001804       0x78 ./Core/Src/systick.o
                0x0000000008001804                SysTickFunction
 .text.Reset_Handler
                0x000000000800187c       0x50 ./Core/Startup/startup_stm32f411retx.o
                0x000000000800187c                Reset_Handler
 .text.Default_Handler
                0x00000000080018cc        0x2 ./Core/Startup/startup_stm32f411retx.o
                0x00000000080018cc                DMA1_Stream3_IRQHandler
                0x00000000080018cc                EXTI2_IRQHandler
                0x00000000080018cc                SPI4_IRQHandler
                0x00000000080018cc                TIM1_CC_IRQHandler
                0x00000000080018cc                DMA2_Stream5_IRQHandler
                0x00000000080018cc                DMA1_Stream5_IRQHandler
                0x00000000080018cc                PVD_IRQHandler
                0x00000000080018cc                SDIO_IRQHandler
                0x00000000080018cc                TAMP_STAMP_IRQHandler
                0x00000000080018cc                EXTI3_IRQHandler
                0x00000000080018cc                TIM1_UP_TIM10_IRQHandler
                0x00000000080018cc                I2C3_ER_IRQHandler
                0x00000000080018cc                EXTI0_IRQHandler
                0x00000000080018cc                I2C2_EV_IRQHandler
                0x00000000080018cc                DMA1_Stream2_IRQHandler
                0x00000000080018cc                FPU_IRQHandler
                0x00000000080018cc                DMA2_Stream2_IRQHandler
                0x00000000080018cc                SPI1_IRQHandler
                0x00000000080018cc                TIM1_BRK_TIM9_IRQHandler
                0x00000000080018cc                DMA2_Stream3_IRQHandler
                0x00000000080018cc                USART6_IRQHandler
                0x00000000080018cc                DMA2_Stream0_IRQHandler
                0x00000000080018cc                I2C1_EV_IRQHandler
                0x00000000080018cc                DMA1_Stream6_IRQHandler
                0x00000000080018cc                DMA1_Stream1_IRQHandler
                0x00000000080018cc                TIM3_IRQHandler
                0x00000000080018cc                RCC_IRQHandler
                0x00000000080018cc                Default_Handler
                0x00000000080018cc                ADC_IRQHandler
                0x00000000080018cc                DMA1_Stream7_IRQHandler
                0x00000000080018cc                SPI5_IRQHandler
                0x00000000080018cc                TIM5_IRQHandler
                0x00000000080018cc                DMA2_Stream7_IRQHandler
                0x00000000080018cc                I2C3_EV_IRQHandler
                0x00000000080018cc                EXTI9_5_IRQHandler
                0x00000000080018cc                RTC_WKUP_IRQHandler
                0x00000000080018cc                SPI2_IRQHandler
                0x00000000080018cc                DMA1_Stream0_IRQHandler
                0x00000000080018cc                EXTI4_IRQHandler
                0x00000000080018cc                WWDG_IRQHandler
                0x00000000080018cc                TIM2_IRQHandler
                0x00000000080018cc                OTG_FS_WKUP_IRQHandler
                0x00000000080018cc                TIM1_TRG_COM_TIM11_IRQHandler
                0x00000000080018cc                EXTI1_IRQHandler
                0x00000000080018cc                USART2_IRQHandler
                0x00000000080018cc                I2C2_ER_IRQHandler
                0x00000000080018cc                DMA2_Stream1_IRQHandler
                0x00000000080018cc                FLASH_IRQHandler
                0x00000000080018cc                DMA2_Stream4_IRQHandler
                0x00000000080018cc                USART1_IRQHandler
                0x00000000080018cc                OTG_FS_IRQHandler
                0x00000000080018cc                SPI3_IRQHandler
                0x00000000080018cc                DMA1_Stream4_IRQHandler
                0x00000000080018cc                I2C1_ER_IRQHandler
                0x00000000080018cc                DMA2_Stream6_IRQHandler
                0x00000000080018cc                RTC_Alarm_IRQHandler
 *fill*         0x00000000080018ce        0x2 
 .text.HAL_Init
                0x00000000080018d0       0x44 ./Drivers/STM32F4xx_HAL_Driver/Src/stm32f4xx_hal.o
                0x00000000080018d0                HAL_Init
 .text.HAL_InitTick
                0x0000000008001914       0x60 ./Drivers/STM32F4xx_HAL_Driver/Src/stm32f4xx_hal.o
                0x0000000008001914                HAL_InitTick
 .text.HAL_IncTick
                0x0000000008001974       0x28 ./Drivers/STM32F4xx_HAL_Driver/Src/stm32f4xx_hal.o
                0x0000000008001974                HAL_IncTick
 .text.HAL_GetTick
                0x000000000800199c       0x18 ./Drivers/STM32F4xx_HAL_Driver/Src/stm32f4xx_hal.o
                0x000000000800199c                HAL_GetTick
 .text.__NVIC_SetPriorityGrouping
                0x00000000080019b4       0x48 ./Drivers/STM32F4xx_HAL_Driver/Src/stm32f4xx_hal_cortex.o
 .text.__NVIC_GetPriorityGrouping
                0x00000000080019fc       0x1c ./Drivers/STM32F4xx_HAL_Driver/Src/stm32f4xx_hal_cortex.o
 .text.__NVIC_EnableIRQ
                0x0000000008001a18       0x3c ./Drivers/STM32F4xx_HAL_Driver/Src/stm32f4xx_hal_cortex.o
 .text.__NVIC_SetPriority
                0x0000000008001a54       0x54 ./Drivers/STM32F4xx_HAL_Driver/Src/stm32f4xx_hal_cortex.o
 .text.NVIC_EncodePriority
                0x0000000008001aa8       0x66 ./Drivers/STM32F4xx_HAL_Driver/Src/stm32f4xx_hal_cortex.o
 *fill*         0x0000000008001b0e        0x2 
 .text.SysTick_Config
                0x0000000008001b10       0x44 ./Drivers/STM32F4xx_HAL_Driver/Src/stm32f4xx_hal_cortex.o
 .text.HAL_NVIC_SetPriorityGrouping
                0x0000000008001b54       0x16 ./Drivers/STM32F4xx_HAL_Driver/Src/stm32f4xx_hal_cortex.o
                0x0000000008001b54                HAL_NVIC_SetPriorityGrouping
 .text.HAL_NVIC_SetPriority
                0x0000000008001b6a       0x38 ./Drivers/STM32F4xx_HAL_Driver/Src/stm32f4xx_hal_cortex.o
                0x0000000008001b6a                HAL_NVIC_SetPriority
 .text.HAL_NVIC_EnableIRQ
                0x0000000008001ba2       0x1c ./Drivers/STM32F4xx_HAL_Driver/Src/stm32f4xx_hal_cortex.o
                0x0000000008001ba2                HAL_NVIC_EnableIRQ
 .text.HAL_SYSTICK_Config
                0x0000000008001bbe       0x18 ./Drivers/STM32F4xx_HAL_Driver/Src/stm32f4xx_hal_cortex.o
                0x0000000008001bbe                HAL_SYSTICK_Config
 *fill*         0x0000000008001bd6        0x2 
 .text.HAL_GPIO_Init
                0x0000000008001bd8      0x308 ./Drivers/STM32F4xx_HAL_Driver/Src/stm32f4xx_hal_gpio.o
                0x0000000008001bd8                HAL_GPIO_Init
 .text.HAL_GPIO_WritePin
                0x0000000008001ee0       0x32 ./Drivers/STM32F4xx_HAL_Driver/Src/stm32f4xx_hal_gpio.o
                0x0000000008001ee0                HAL_GPIO_WritePin
 *fill*         0x0000000008001f12        0x2 
 .text.HAL_GPIO_EXTI_IRQHandler
                0x0000000008001f14       0x30 ./Drivers/STM32F4xx_HAL_Driver/Src/stm32f4xx_hal_gpio.o
                0x0000000008001f14                HAL_GPIO_EXTI_IRQHandler
 .text.HAL_RCC_OscConfig
                0x0000000008001f44      0x4f0 ./Drivers/STM32F4xx_HAL_Driver/Src/stm32f4xx_hal_rcc.o
                0x0000000008001f44                HAL_RCC_OscConfig
 .text.HAL_RCC_ClockConfig
                0x0000000008002434      0x1cc ./Drivers/STM32F4xx_HAL_Driver/Src/stm32f4xx_hal_rcc.o
                0x0000000008002434                HAL_RCC_ClockConfig
 .text.HAL_RCC_GetSysClockFreq
                0x0000000008002600      0x20c ./Drivers/STM32F4xx_HAL_Driver/Src/stm32f4xx_hal_rcc.o
                0x0000000008002600                HAL_RCC_GetSysClockFreq
 .text.HAL_RCC_GetHCLKFreq
                0x000000000800280c       0x18 ./Drivers/STM32F4xx_HAL_Driver/Src/stm32f4xx_hal_rcc.o
                0x000000000800280c                HAL_RCC_GetHCLKFreq
 .text.HAL_RCC_GetPCLK1Freq
                0x0000000008002824       0x28 ./Drivers/STM32F4xx_HAL_Driver/Src/stm32f4xx_hal_rcc.o
                0x0000000008002824                HAL_RCC_GetPCLK1Freq
 .text.HAL_RCC_GetPCLK2Freq
                0x000000000800284c       0x28 ./Drivers/STM32F4xx_HAL_Driver/Src/stm32f4xx_hal_rcc.o
                0x000000000800284c                HAL_RCC_GetPCLK2Freq
 .text.HAL_TIM_PWM_Init
                0x0000000008002874       0x9e ./Drivers/STM32F4xx_HAL_Driver/Src/stm32f4xx_hal_tim.o
                0x0000000008002874                HAL_TIM_PWM_Init
 *fill*         0x0000000008002912        0x2 
 .text.HAL_TIM_PWM_Start
                0x0000000008002914      0x160 ./Drivers/STM32F4xx_HAL_Driver/Src/stm32f4xx_hal_tim.o
                0x0000000008002914                HAL_TIM_PWM_Start
 .text.HAL_TIM_Encoder_Init
                0x0000000008002a74      0x14c ./Drivers/STM32F4xx_HAL_Driver/Src/stm32f4xx_hal_tim.o
                0x0000000008002a74                HAL_TIM_Encoder_Init
 .text.HAL_TIM_Encoder_Start
                0x0000000008002bc0      0x11c ./Drivers/STM32F4xx_HAL_Driver/Src/stm32f4xx_hal_tim.o
                0x0000000008002bc0                HAL_TIM_Encoder_Start
 .text.HAL_TIM_IRQHandler
                0x0000000008002cdc      0x210 ./Drivers/STM32F4xx_HAL_Driver/Src/stm32f4xx_hal_tim.o
                0x0000000008002cdc                HAL_TIM_IRQHandler
 .text.HAL_TIM_PWM_ConfigChannel
                0x0000000008002eec      0x184 ./Drivers/STM32F4xx_HAL_Driver/Src/stm32f4xx_hal_tim.o
                0x0000000008002eec                HAL_TIM_PWM_ConfigChannel
 .text.HAL_TIM_PeriodElapsedCallback
                0x0000000008003070       0x14 ./Drivers/STM32F4xx_HAL_Driver/Src/stm32f4xx_hal_tim.o
                0x0000000008003070                HAL_TIM_PeriodElapsedCallback
 .text.HAL_TIM_OC_DelayElapsedCallback
                0x0000000008003084       0x14 ./Drivers/STM32F4xx_HAL_Driver/Src/stm32f4xx_hal_tim.o
                0x0000000008003084                HAL_TIM_OC_DelayElapsedCallback
 .text.HAL_TIM_IC_CaptureCallback
                0x0000000008003098       0x14 ./Drivers/STM32F4xx_HAL_Driver/Src/stm32f4xx_hal_tim.o
                0x0000000008003098                HAL_TIM_IC_CaptureCallback
 .text.HAL_TIM_PWM_PulseFinishedCallback
                0x00000000080030ac       0x14 ./Drivers/STM32F4xx_HAL_Driver/Src/stm32f4xx_hal_tim.o
                0x00000000080030ac                HAL_TIM_PWM_PulseFinishedCallback
 .text.HAL_TIM_TriggerCallback
                0x00000000080030c0       0x14 ./Drivers/STM32F4xx_HAL_Driver/Src/stm32f4xx_hal_tim.o
                0x00000000080030c0                HAL_TIM_TriggerCallback
 .text.TIM_Base_SetConfig
                0x00000000080030d4      0x100 ./Drivers/STM32F4xx_HAL_Driver/Src/stm32f4xx_hal_tim.o
                0x00000000080030d4                TIM_Base_SetConfig
 .text.TIM_OC1_SetConfig
                0x00000000080031d4       0xcc ./Drivers/STM32F4xx_HAL_Driver/Src/stm32f4xx_hal_tim.o
 .text.TIM_OC2_SetConfig
                0x00000000080032a0       0xd8 ./Drivers/STM32F4xx_HAL_Driver/Src/stm32f4xx_hal_tim.o
                0x00000000080032a0                TIM_OC2_SetConfig
 .text.TIM_OC3_SetConfig
                0x0000000008003378       0xd4 ./Drivers/STM32F4xx_HAL_Driver/Src/stm32f4xx_hal_tim.o
 .text.TIM_OC4_SetConfig
                0x000000000800344c       0xa0 ./Drivers/STM32F4xx_HAL_Driver/Src/stm32f4xx_hal_tim.o
 .text.TIM_CCxChannelCmd
                0x00000000080034ec       0x4a ./Drivers/STM32F4xx_HAL_Driver/Src/stm32f4xx_hal_tim.o
                0x00000000080034ec                TIM_CCxChannelCmd
 *fill*         0x0000000008003536        0x2 
 .text.HAL_TIMEx_MasterConfigSynchronization
                0x0000000008003538       0xdc ./Drivers/STM32F4xx_HAL_Driver/Src/stm32f4xx_hal_tim_ex.o
                0x0000000008003538                HAL_TIMEx_MasterConfigSynchronization
 .text.HAL_TIMEx_CommutCallback
                0x0000000008003614       0x14 ./Drivers/STM32F4xx_HAL_Driver/Src/stm32f4xx_hal_tim_ex.o
                0x0000000008003614                HAL_TIMEx_CommutCallback
 .text.HAL_TIMEx_BreakCallback
                0x0000000008003628       0x14 ./Drivers/STM32F4xx_HAL_Driver/Src/stm32f4xx_hal_tim_ex.o
                0x0000000008003628                HAL_TIMEx_BreakCallback
 .text.HAL_UART_Init
                0x000000000800363c       0x9a ./Drivers/STM32F4xx_HAL_Driver/Src/stm32f4xx_hal_uart.o
                0x000000000800363c                HAL_UART_Init
 *fill*         0x00000000080036d6        0x2 
 .text.UART_SetConfig
                0x00000000080036d8      0x4e8 ./Drivers/STM32F4xx_HAL_Driver/Src/stm32f4xx_hal_uart.o
 .text.memset   0x0000000008003bc0       0x10 /Applications/STM32CubeIDE.app/Contents/Eclipse/plugins/com.st.stm32cube.ide.mcu.externaltools.gnu-tools-for-stm32.11.3.rel1.macos64_1.1.1.202309131626/tools/bin/../lib/gcc/arm-none-eabi/11.3.1/../../../../arm-none-eabi/lib/thumb/v7e-m+fp/hard/libc_nano.a(libc_a-memset.o)
                0x0000000008003bc0                memset
 .text.__libc_init_array
                0x0000000008003bd0       0x48 /Applications/STM32CubeIDE.app/Contents/Eclipse/plugins/com.st.stm32cube.ide.mcu.externaltools.gnu-tools-for-stm32.11.3.rel1.macos64_1.1.1.202309131626/tools/bin/../lib/gcc/arm-none-eabi/11.3.1/../../../../arm-none-eabi/lib/thumb/v7e-m+fp/hard/libc_nano.a(libc_a-init.o)
                0x0000000008003bd0                __libc_init_array
 *(.glue_7)
 .glue_7        0x0000000008003c18        0x0 linker stubs
 *(.glue_7t)
 .glue_7t       0x0000000008003c18        0x0 linker stubs
 *(.eh_frame)
 .eh_frame      0x0000000008003c18        0x0 /Applications/STM32CubeIDE.app/Contents/Eclipse/plugins/com.st.stm32cube.ide.mcu.externaltools.gnu-tools-for-stm32.11.3.rel1.macos64_1.1.1.202309131626/tools/bin/../lib/gcc/arm-none-eabi/11.3.1/thumb/v7e-m+fp/hard/crtbegin.o
 *(.init)
 .init          0x0000000008003c18        0x4 /Applications/STM32CubeIDE.app/Contents/Eclipse/plugins/com.st.stm32cube.ide.mcu.externaltools.gnu-tools-for-stm32.11.3.rel1.macos64_1.1.1.202309131626/tools/bin/../lib/gcc/arm-none-eabi/11.3.1/thumb/v7e-m+fp/hard/crti.o
                0x0000000008003c18                _init
 .init          0x0000000008003c1c        0x8 /Applications/STM32CubeIDE.app/Contents/Eclipse/plugins/com.st.stm32cube.ide.mcu.externaltools.gnu-tools-for-stm32.11.3.rel1.macos64_1.1.1.202309131626/tools/bin/../lib/gcc/arm-none-eabi/11.3.1/thumb/v7e-m+fp/hard/crtn.o
 *(.fini)
 .fini          0x0000000008003c24        0x4 /Applications/STM32CubeIDE.app/Contents/Eclipse/plugins/com.st.stm32cube.ide.mcu.externaltools.gnu-tools-for-stm32.11.3.rel1.macos64_1.1.1.202309131626/tools/bin/../lib/gcc/arm-none-eabi/11.3.1/thumb/v7e-m+fp/hard/crti.o
                0x0000000008003c24                _fini
 .fini          0x0000000008003c28        0x8 /Applications/STM32CubeIDE.app/Contents/Eclipse/plugins/com.st.stm32cube.ide.mcu.externaltools.gnu-tools-for-stm32.11.3.rel1.macos64_1.1.1.202309131626/tools/bin/../lib/gcc/arm-none-eabi/11.3.1/thumb/v7e-m+fp/hard/crtn.o
                0x0000000008003c30                . = ALIGN (0x4)
                0x0000000008003c30                _etext = .

.vfp11_veneer   0x0000000008003c30        0x0
 .vfp11_veneer  0x0000000008003c30        0x0 linker stubs

.v4_bx          0x0000000008003c30        0x0
 .v4_bx         0x0000000008003c30        0x0 linker stubs

.iplt           0x0000000008003c30        0x0
 .iplt          0x0000000008003c30        0x0 /Applications/STM32CubeIDE.app/Contents/Eclipse/plugins/com.st.stm32cube.ide.mcu.externaltools.gnu-tools-for-stm32.11.3.rel1.macos64_1.1.1.202309131626/tools/bin/../lib/gcc/arm-none-eabi/11.3.1/thumb/v7e-m+fp/hard/crtbegin.o

.rodata         0x0000000008003c30       0x18
                0x0000000008003c30                . = ALIGN (0x4)
 *(.rodata)
 *(.rodata*)
 .rodata.AHBPrescTable
                0x0000000008003c30       0x10 ./Core/Src/system_stm32f4xx.o
                0x0000000008003c30                AHBPrescTable
 .rodata.APBPrescTable
                0x0000000008003c40        0x8 ./Core/Src/system_stm32f4xx.o
                0x0000000008003c40                APBPrescTable
                0x0000000008003c48                . = ALIGN (0x4)

.ARM.extab      0x0000000008003c48        0x0
                0x0000000008003c48                . = ALIGN (0x4)
 *(.ARM.extab* .gnu.linkonce.armextab.*)
                0x0000000008003c48                . = ALIGN (0x4)

.ARM            0x0000000008003c48        0x8
                0x0000000008003c48                . = ALIGN (0x4)
                0x0000000008003c48                __exidx_start = .
 *(.ARM.exidx*)
 .ARM.exidx     0x0000000008003c48        0x8 /Applications/STM32CubeIDE.app/Contents/Eclipse/plugins/com.st.stm32cube.ide.mcu.externaltools.gnu-tools-for-stm32.11.3.rel1.macos64_1.1.1.202309131626/tools/bin/../lib/gcc/arm-none-eabi/11.3.1/thumb/v7e-m+fp/hard/libgcc.a(_udivmoddi4.o)
                0x0000000008003c50                __exidx_end = .
                0x0000000008003c50                . = ALIGN (0x4)

.rel.dyn        0x0000000008003c50        0x0
 .rel.iplt      0x0000000008003c50        0x0 /Applications/STM32CubeIDE.app/Contents/Eclipse/plugins/com.st.stm32cube.ide.mcu.externaltools.gnu-tools-for-stm32.11.3.rel1.macos64_1.1.1.202309131626/tools/bin/../lib/gcc/arm-none-eabi/11.3.1/thumb/v7e-m+fp/hard/crtbegin.o

.preinit_array  0x0000000008003c50        0x0
                0x0000000008003c50                . = ALIGN (0x4)
                0x0000000008003c50                PROVIDE (__preinit_array_start = .)
 *(.preinit_array*)
                0x0000000008003c50                PROVIDE (__preinit_array_end = .)
                0x0000000008003c50                . = ALIGN (0x4)

.init_array     0x0000000008003c50        0x4
                0x0000000008003c50                . = ALIGN (0x4)
                0x0000000008003c50                PROVIDE (__init_array_start = .)
 *(SORT_BY_NAME(.init_array.*))
 *(.init_array*)
 .init_array    0x0000000008003c50        0x4 /Applications/STM32CubeIDE.app/Contents/Eclipse/plugins/com.st.stm32cube.ide.mcu.externaltools.gnu-tools-for-stm32.11.3.rel1.macos64_1.1.1.202309131626/tools/bin/../lib/gcc/arm-none-eabi/11.3.1/thumb/v7e-m+fp/hard/crtbegin.o
                0x0000000008003c54                PROVIDE (__init_array_end = .)
                0x0000000008003c54                . = ALIGN (0x4)

.fini_array     0x0000000008003c54        0x4
                0x0000000008003c54                . = ALIGN (0x4)
                [!provide]                        PROVIDE (__fini_array_start = .)
 *(SORT_BY_NAME(.fini_array.*))
 *(.fini_array*)
 .fini_array    0x0000000008003c54        0x4 /Applications/STM32CubeIDE.app/Contents/Eclipse/plugins/com.st.stm32cube.ide.mcu.externaltools.gnu-tools-for-stm32.11.3.rel1.macos64_1.1.1.202309131626/tools/bin/../lib/gcc/arm-none-eabi/11.3.1/thumb/v7e-m+fp/hard/crtbegin.o
                [!provide]                        PROVIDE (__fini_array_end = .)
                0x0000000008003c58                . = ALIGN (0x4)
                0x0000000008003c58                _sidata = LOADADDR (.data)

.data           0x0000000020000000       0x10 load address 0x0000000008003c58
                0x0000000020000000                . = ALIGN (0x4)
                0x0000000020000000                _sdata = .
 *(.data)
 *(.data*)
 .data.kPw      0x0000000020000000        0x4 ./Core/Src/pid.o
                0x0000000020000000                kPw
 .data.SystemCoreClock
                0x0000000020000004        0x4 ./Core/Src/system_stm32f4xx.o
                0x0000000020000004                SystemCoreClock
 .data.uwTickPrio
                0x0000000020000008        0x4 ./Drivers/STM32F4xx_HAL_Driver/Src/stm32f4xx_hal.o
                0x0000000020000008                uwTickPrio
 .data.uwTickFreq
                0x000000002000000c        0x1 ./Drivers/STM32F4xx_HAL_Driver/Src/stm32f4xx_hal.o
                0x000000002000000c                uwTickFreq
 *(.RamFunc)
 *(.RamFunc*)
                0x0000000020000010                . = ALIGN (0x4)
 *fill*         0x000000002000000d        0x3 
                0x0000000020000010                _edata = .

.igot.plt       0x0000000020000010        0x0 load address 0x0000000008003c68
 .igot.plt      0x0000000020000010        0x0 /Applications/STM32CubeIDE.app/Contents/Eclipse/plugins/com.st.stm32cube.ide.mcu.externaltools.gnu-tools-for-stm32.11.3.rel1.macos64_1.1.1.202309131626/tools/bin/../lib/gcc/arm-none-eabi/11.3.1/thumb/v7e-m+fp/hard/crtbegin.o
                0x0000000020000010                . = ALIGN (0x4)

.bss            0x0000000020000010      0x170 load address 0x0000000008003c68
                0x0000000020000010                _sbss = .
                0x0000000020000010                __bss_start__ = _sbss
 *(.bss)
 .bss           0x0000000020000010       0x1c /Applications/STM32CubeIDE.app/Contents/Eclipse/plugins/com.st.stm32cube.ide.mcu.externaltools.gnu-tools-for-stm32.11.3.rel1.macos64_1.1.1.202309131626/tools/bin/../lib/gcc/arm-none-eabi/11.3.1/thumb/v7e-m+fp/hard/crtbegin.o
 *(.bss*)
 .bss.htim1     0x000000002000002c       0x48 ./Core/Src/main.o
                0x000000002000002c                htim1
 .bss.htim2     0x0000000020000074       0x48 ./Core/Src/main.o
                0x0000000020000074                htim2
 .bss.htim4     0x00000000200000bc       0x48 ./Core/Src/main.o
                0x00000000200000bc                htim4
 .bss.huart2    0x0000000020000104       0x44 ./Core/Src/main.o
                0x0000000020000104                huart2
 .bss.left_counts
                0x0000000020000148        0x2 ./Core/Src/main.o
                0x0000000020000148                left_counts
 .bss.right_counts
                0x000000002000014a        0x2 ./Core/Src/main.o
                0x000000002000014a                right_counts
 .bss.a         0x000000002000014c        0x2 ./Core/Src/main.o
                0x000000002000014c                a
 *fill*         0x000000002000014e        0x2 
 .bss.angleError
                0x0000000020000150        0x4 ./Core/Src/pid.o
                0x0000000020000150                angleError
 .bss.oldAngleError
                0x0000000020000154        0x4 ./Core/Src/pid.o
                0x0000000020000154                oldAngleError
 .bss.distanceError
                0x0000000020000158        0x4 ./Core/Src/pid.o
                0x0000000020000158                distanceError
 .bss.oldDistanceError
                0x000000002000015c        0x4 ./Core/Src/pid.o
                0x000000002000015c                oldDistanceError
 .bss.angleCorrection
                0x0000000020000160        0x4 ./Core/Src/pid.o
                0x0000000020000160                angleCorrection
 .bss.kDw       0x0000000020000164        0x4 ./Core/Src/pid.o
                0x0000000020000164                kDw
 .bss.kPx       0x0000000020000168        0x4 ./Core/Src/pid.o
                0x0000000020000168                kPx
 .bss.kDx       0x000000002000016c        0x4 ./Core/Src/pid.o
                0x000000002000016c                kDx
 .bss.goalDistance
                0x0000000020000170        0x4 ./Core/Src/pid.o
                0x0000000020000170                goalDistance
 .bss.goalAngle
                0x0000000020000174        0x4 ./Core/Src/pid.o
                0x0000000020000174                goalAngle
 .bss.count     0x0000000020000178        0x4 ./Core/Src/pid.o
                0x0000000020000178                count
 .bss.uwTick    0x000000002000017c        0x4 ./Drivers/STM32F4xx_HAL_Driver/Src/stm32f4xx_hal.o
                0x000000002000017c                uwTick
 *(COMMON)
                0x0000000020000180                . = ALIGN (0x4)
                0x0000000020000180                _ebss = .
                0x0000000020000180                __bss_end__ = _ebss

._user_heap_stack
                0x0000000020000180      0x600 load address 0x0000000008003c68
                0x0000000020000180                . = ALIGN (0x8)
                [!provide]                        PROVIDE (end = .)
                0x0000000020000180                PROVIDE (_end = .)
                0x0000000020000380                . = (. + _Min_Heap_Size)
 *fill*         0x0000000020000180      0x200 
                0x0000000020000780                . = (. + _Min_Stack_Size)
 *fill*         0x0000000020000380      0x400 
                0x0000000020000780                . = ALIGN (0x8)

/DISCARD/
 libc.a(*)
 libm.a(*)
 libgcc.a(*)

.ARM.attributes
                0x0000000000000000       0x30
 *(.ARM.attributes)
 .ARM.attributes
                0x0000000000000000       0x1e /Applications/STM32CubeIDE.app/Contents/Eclipse/plugins/com.st.stm32cube.ide.mcu.externaltools.gnu-tools-for-stm32.11.3.rel1.macos64_1.1.1.202309131626/tools/bin/../lib/gcc/arm-none-eabi/11.3.1/thumb/v7e-m+fp/hard/crti.o
 .ARM.attributes
                0x000000000000001e       0x34 /Applications/STM32CubeIDE.app/Contents/Eclipse/plugins/com.st.stm32cube.ide.mcu.externaltools.gnu-tools-for-stm32.11.3.rel1.macos64_1.1.1.202309131626/tools/bin/../lib/gcc/arm-none-eabi/11.3.1/thumb/v7e-m+fp/hard/crtbegin.o
 .ARM.attributes
                0x0000000000000052       0x34 ./Core/Src/controller.o
 .ARM.attributes
                0x0000000000000086       0x34 ./Core/Src/encoders.o
 .ARM.attributes
                0x00000000000000ba       0x34 ./Core/Src/main.o
 .ARM.attributes
                0x00000000000000ee       0x34 ./Core/Src/motors.o
 .ARM.attributes
                0x0000000000000122       0x34 ./Core/Src/pid.o
 .ARM.attributes
                0x0000000000000156       0x34 ./Core/Src/stm32f4xx_hal_msp.o
 .ARM.attributes
                0x000000000000018a       0x34 ./Core/Src/stm32f4xx_it.o
 .ARM.attributes
                0x00000000000001be       0x34 ./Core/Src/system_stm32f4xx.o
 .ARM.attributes
                0x00000000000001f2       0x34 ./Core/Src/systick.o
 .ARM.attributes
                0x0000000000000226       0x21 ./Core/Startup/startup_stm32f411retx.o
 .ARM.attributes
                0x0000000000000247       0x34 ./Drivers/STM32F4xx_HAL_Driver/Src/stm32f4xx_hal.o
 .ARM.attributes
                0x000000000000027b       0x34 ./Drivers/STM32F4xx_HAL_Driver/Src/stm32f4xx_hal_cortex.o
 .ARM.attributes
                0x00000000000002af       0x34 ./Drivers/STM32F4xx_HAL_Driver/Src/stm32f4xx_hal_gpio.o
 .ARM.attributes
                0x00000000000002e3       0x34 ./Drivers/STM32F4xx_HAL_Driver/Src/stm32f4xx_hal_rcc.o
 .ARM.attributes
                0x0000000000000317       0x34 ./Drivers/STM32F4xx_HAL_Driver/Src/stm32f4xx_hal_tim.o
 .ARM.attributes
                0x000000000000034b       0x34 ./Drivers/STM32F4xx_HAL_Driver/Src/stm32f4xx_hal_tim_ex.o
 .ARM.attributes
                0x000000000000037f       0x34 ./Drivers/STM32F4xx_HAL_Driver/Src/stm32f4xx_hal_uart.o
 .ARM.attributes
                0x00000000000003b3       0x34 /Applications/STM32CubeIDE.app/Contents/Eclipse/plugins/com.st.stm32cube.ide.mcu.externaltools.gnu-tools-for-stm32.11.3.rel1.macos64_1.1.1.202309131626/tools/bin/../lib/gcc/arm-none-eabi/11.3.1/../../../../arm-none-eabi/lib/thumb/v7e-m+fp/hard/libc_nano.a(libc_a-memset.o)
 .ARM.attributes
                0x00000000000003e7       0x34 /Applications/STM32CubeIDE.app/Contents/Eclipse/plugins/com.st.stm32cube.ide.mcu.externaltools.gnu-tools-for-stm32.11.3.rel1.macos64_1.1.1.202309131626/tools/bin/../lib/gcc/arm-none-eabi/11.3.1/../../../../arm-none-eabi/lib/thumb/v7e-m+fp/hard/libc_nano.a(libc_a-init.o)
 .ARM.attributes
                0x000000000000041b       0x1e /Applications/STM32CubeIDE.app/Contents/Eclipse/plugins/com.st.stm32cube.ide.mcu.externaltools.gnu-tools-for-stm32.11.3.rel1.macos64_1.1.1.202309131626/tools/bin/../lib/gcc/arm-none-eabi/11.3.1/thumb/v7e-m+fp/hard/libgcc.a(_arm_addsubdf3.o)
 .ARM.attributes
                0x0000000000000439       0x1e /Applications/STM32CubeIDE.app/Contents/Eclipse/plugins/com.st.stm32cube.ide.mcu.externaltools.gnu-tools-for-stm32.11.3.rel1.macos64_1.1.1.202309131626/tools/bin/../lib/gcc/arm-none-eabi/11.3.1/thumb/v7e-m+fp/hard/libgcc.a(_arm_cmpdf2.o)
 .ARM.attributes
                0x0000000000000457       0x1e /Applications/STM32CubeIDE.app/Contents/Eclipse/plugins/com.st.stm32cube.ide.mcu.externaltools.gnu-tools-for-stm32.11.3.rel1.macos64_1.1.1.202309131626/tools/bin/../lib/gcc/arm-none-eabi/11.3.1/thumb/v7e-m+fp/hard/libgcc.a(_arm_truncdfsf2.o)
 .ARM.attributes
                0x0000000000000475       0x1e /Applications/STM32CubeIDE.app/Contents/Eclipse/plugins/com.st.stm32cube.ide.mcu.externaltools.gnu-tools-for-stm32.11.3.rel1.macos64_1.1.1.202309131626/tools/bin/../lib/gcc/arm-none-eabi/11.3.1/thumb/v7e-m+fp/hard/libgcc.a(_aeabi_uldivmod.o)
 .ARM.attributes
                0x0000000000000493       0x34 /Applications/STM32CubeIDE.app/Contents/Eclipse/plugins/com.st.stm32cube.ide.mcu.externaltools.gnu-tools-for-stm32.11.3.rel1.macos64_1.1.1.202309131626/tools/bin/../lib/gcc/arm-none-eabi/11.3.1/thumb/v7e-m+fp/hard/libgcc.a(_udivmoddi4.o)
 .ARM.attributes
                0x00000000000004c7       0x1e /Applications/STM32CubeIDE.app/Contents/Eclipse/plugins/com.st.stm32cube.ide.mcu.externaltools.gnu-tools-for-stm32.11.3.rel1.macos64_1.1.1.202309131626/tools/bin/../lib/gcc/arm-none-eabi/11.3.1/thumb/v7e-m+fp/hard/libgcc.a(_dvmd_tls.o)
 .ARM.attributes
                0x00000000000004e5       0x1e /Applications/STM32CubeIDE.app/Contents/Eclipse/plugins/com.st.stm32cube.ide.mcu.externaltools.gnu-tools-for-stm32.11.3.rel1.macos64_1.1.1.202309131626/tools/bin/../lib/gcc/arm-none-eabi/11.3.1/thumb/v7e-m+fp/hard/crtn.o
OUTPUT(Rat.elf elf32-littlearm)
LOAD linker stubs
LOAD /Applications/STM32CubeIDE.app/Contents/Eclipse/plugins/com.st.stm32cube.ide.mcu.externaltools.gnu-tools-for-stm32.11.3.rel1.macos64_1.1.1.202309131626/tools/bin/../lib/gcc/arm-none-eabi/11.3.1/../../../../arm-none-eabi/lib/thumb/v7e-m+fp/hard/libc.a
LOAD /Applications/STM32CubeIDE.app/Contents/Eclipse/plugins/com.st.stm32cube.ide.mcu.externaltools.gnu-tools-for-stm32.11.3.rel1.macos64_1.1.1.202309131626/tools/bin/../lib/gcc/arm-none-eabi/11.3.1/../../../../arm-none-eabi/lib/thumb/v7e-m+fp/hard/libm.a
LOAD /Applications/STM32CubeIDE.app/Contents/Eclipse/plugins/com.st.stm32cube.ide.mcu.externaltools.gnu-tools-for-stm32.11.3.rel1.macos64_1.1.1.202309131626/tools/bin/../lib/gcc/arm-none-eabi/11.3.1/thumb/v7e-m+fp/hard/libgcc.a

.comment        0x0000000000000000       0x43
 .comment       0x0000000000000000       0x43 /Applications/STM32CubeIDE.app/Contents/Eclipse/plugins/com.st.stm32cube.ide.mcu.externaltools.gnu-tools-for-stm32.11.3.rel1.macos64_1.1.1.202309131626/tools/bin/../lib/gcc/arm-none-eabi/11.3.1/thumb/v7e-m+fp/hard/crtbegin.o
                                         0x44 (size before relaxing)
 .comment       0x0000000000000043       0x44 ./Core/Src/controller.o
 .comment       0x0000000000000043       0x44 ./Core/Src/encoders.o
 .comment       0x0000000000000043       0x44 ./Core/Src/main.o
 .comment       0x0000000000000043       0x44 ./Core/Src/motors.o
 .comment       0x0000000000000043       0x44 ./Core/Src/pid.o
 .comment       0x0000000000000043       0x44 ./Core/Src/stm32f4xx_hal_msp.o
 .comment       0x0000000000000043       0x44 ./Core/Src/stm32f4xx_it.o
 .comment       0x0000000000000043       0x44 ./Core/Src/system_stm32f4xx.o
 .comment       0x0000000000000043       0x44 ./Core/Src/systick.o
 .comment       0x0000000000000043       0x44 ./Drivers/STM32F4xx_HAL_Driver/Src/stm32f4xx_hal.o
 .comment       0x0000000000000043       0x44 ./Drivers/STM32F4xx_HAL_Driver/Src/stm32f4xx_hal_cortex.o
 .comment       0x0000000000000043       0x44 ./Drivers/STM32F4xx_HAL_Driver/Src/stm32f4xx_hal_gpio.o
 .comment       0x0000000000000043       0x44 ./Drivers/STM32F4xx_HAL_Driver/Src/stm32f4xx_hal_rcc.o
 .comment       0x0000000000000043       0x44 ./Drivers/STM32F4xx_HAL_Driver/Src/stm32f4xx_hal_tim.o
 .comment       0x0000000000000043       0x44 ./Drivers/STM32F4xx_HAL_Driver/Src/stm32f4xx_hal_tim_ex.o
 .comment       0x0000000000000043       0x44 ./Drivers/STM32F4xx_HAL_Driver/Src/stm32f4xx_hal_uart.o

.debug_info     0x0000000000000000     0xcd78
 .debug_info    0x0000000000000000      0x11c ./Core/Src/controller.o
 .debug_info    0x000000000000011c      0x1f9 ./Core/Src/encoders.o
 .debug_info    0x0000000000000315     0x1452 ./Core/Src/main.o
 .debug_info    0x0000000000001767      0x22b ./Core/Src/motors.o
 .debug_info    0x0000000000001992      0x27b ./Core/Src/pid.o
 .debug_info    0x0000000000001c0d      0xfc3 ./Core/Src/stm32f4xx_hal_msp.o
 .debug_info    0x0000000000002bd0      0x71a ./Core/Src/stm32f4xx_it.o
 .debug_info    0x00000000000032ea      0x53e ./Core/Src/system_stm32f4xx.o
 .debug_info    0x0000000000003828      0x221 ./Core/Src/systick.o
 .debug_info    0x0000000000003a49       0x23 ./Core/Startup/startup_stm32f411retx.o
 .debug_info    0x0000000000003a6c      0x8c4 ./Drivers/STM32F4xx_HAL_Driver/Src/stm32f4xx_hal.o
 .debug_info    0x0000000000004330      0xcb6 ./Drivers/STM32F4xx_HAL_Driver/Src/stm32f4xx_hal_cortex.o
 .debug_info    0x0000000000004fe6      0x6f9 ./Drivers/STM32F4xx_HAL_Driver/Src/stm32f4xx_hal_gpio.o
 .debug_info    0x00000000000056df      0x8f2 ./Drivers/STM32F4xx_HAL_Driver/Src/stm32f4xx_hal_rcc.o
 .debug_info    0x0000000000005fd1     0x2941 ./Drivers/STM32F4xx_HAL_Driver/Src/stm32f4xx_hal_tim.o
 .debug_info    0x0000000000008912     0x14a7 ./Drivers/STM32F4xx_HAL_Driver/Src/stm32f4xx_hal_tim_ex.o
 .debug_info    0x0000000000009db9     0x2fbf ./Drivers/STM32F4xx_HAL_Driver/Src/stm32f4xx_hal_uart.o

.debug_abbrev   0x0000000000000000     0x1ed2
 .debug_abbrev  0x0000000000000000       0xc8 ./Core/Src/controller.o
 .debug_abbrev  0x00000000000000c8       0xb8 ./Core/Src/encoders.o
 .debug_abbrev  0x0000000000000180      0x302 ./Core/Src/main.o
 .debug_abbrev  0x0000000000000482       0xe7 ./Core/Src/motors.o
 .debug_abbrev  0x0000000000000569      0x140 ./Core/Src/pid.o
 .debug_abbrev  0x00000000000006a9      0x21f ./Core/Src/stm32f4xx_hal_msp.o
 .debug_abbrev  0x00000000000008c8      0x1bb ./Core/Src/stm32f4xx_it.o
 .debug_abbrev  0x0000000000000a83      0x11a ./Core/Src/system_stm32f4xx.o
 .debug_abbrev  0x0000000000000b9d       0xfb ./Core/Src/systick.o
 .debug_abbrev  0x0000000000000c98       0x12 ./Core/Startup/startup_stm32f411retx.o
 .debug_abbrev  0x0000000000000caa      0x24b ./Drivers/STM32F4xx_HAL_Driver/Src/stm32f4xx_hal.o
 .debug_abbrev  0x0000000000000ef5      0x327 ./Drivers/STM32F4xx_HAL_Driver/Src/stm32f4xx_hal_cortex.o
 .debug_abbrev  0x000000000000121c      0x1d3 ./Drivers/STM32F4xx_HAL_Driver/Src/stm32f4xx_hal_gpio.o
 .debug_abbrev  0x00000000000013ef      0x2b5 ./Drivers/STM32F4xx_HAL_Driver/Src/stm32f4xx_hal_rcc.o
 .debug_abbrev  0x00000000000016a4      0x284 ./Drivers/STM32F4xx_HAL_Driver/Src/stm32f4xx_hal_tim.o
 .debug_abbrev  0x0000000000001928      0x28f ./Drivers/STM32F4xx_HAL_Driver/Src/stm32f4xx_hal_tim_ex.o
 .debug_abbrev  0x0000000000001bb7      0x31b ./Drivers/STM32F4xx_HAL_Driver/Src/stm32f4xx_hal_uart.o

.debug_aranges  0x0000000000000000      0xc88
 .debug_aranges
                0x0000000000000000       0x28 ./Core/Src/controller.o
 .debug_aranges
                0x0000000000000028       0x30 ./Core/Src/encoders.o
 .debug_aranges
                0x0000000000000058       0x60 ./Core/Src/main.o
 .debug_aranges
                0x00000000000000b8       0x38 ./Core/Src/motors.o
 .debug_aranges
                0x00000000000000f0       0x40 ./Core/Src/pid.o
 .debug_aranges
                0x0000000000000130       0x58 ./Core/Src/stm32f4xx_hal_msp.o
 .debug_aranges
                0x0000000000000188       0x70 ./Core/Src/stm32f4xx_it.o
 .debug_aranges
                0x00000000000001f8       0x28 ./Core/Src/system_stm32f4xx.o
 .debug_aranges
                0x0000000000000220       0x20 ./Core/Src/systick.o
 .debug_aranges
                0x0000000000000240       0x28 ./Core/Startup/startup_stm32f411retx.o
 .debug_aranges
                0x0000000000000268       0xf0 ./Drivers/STM32F4xx_HAL_Driver/Src/stm32f4xx_hal.o
 .debug_aranges
                0x0000000000000358      0x118 ./Drivers/STM32F4xx_HAL_Driver/Src/stm32f4xx_hal_cortex.o
 .debug_aranges
                0x0000000000000470       0x58 ./Drivers/STM32F4xx_HAL_Driver/Src/stm32f4xx_hal_gpio.o
 .debug_aranges
                0x00000000000004c8       0x88 ./Drivers/STM32F4xx_HAL_Driver/Src/stm32f4xx_hal_rcc.o
 .debug_aranges
                0x0000000000000550      0x3d0 ./Drivers/STM32F4xx_HAL_Driver/Src/stm32f4xx_hal_tim.o
 .debug_aranges
                0x0000000000000920      0x168 ./Drivers/STM32F4xx_HAL_Driver/Src/stm32f4xx_hal_tim_ex.o
 .debug_aranges
                0x0000000000000a88      0x200 ./Drivers/STM32F4xx_HAL_Driver/Src/stm32f4xx_hal_uart.o

.debug_rnglists
                0x0000000000000000      0x9bf
 .debug_rnglists
                0x0000000000000000       0x19 ./Core/Src/controller.o
 .debug_rnglists
                0x0000000000000019       0x1f ./Core/Src/encoders.o
 .debug_rnglists
                0x0000000000000038       0x49 ./Core/Src/main.o
 .debug_rnglists
                0x0000000000000081       0x26 ./Core/Src/motors.o
 .debug_rnglists
                0x00000000000000a7       0x2c ./Core/Src/pid.o
 .debug_rnglists
                0x00000000000000d3       0x3f ./Core/Src/stm32f4xx_hal_msp.o
 .debug_rnglists
                0x0000000000000112       0x4f ./Core/Src/stm32f4xx_it.o
 .debug_rnglists
                0x0000000000000161       0x1a ./Core/Src/system_stm32f4xx.o
 .debug_rnglists
                0x000000000000017b       0x13 ./Core/Src/systick.o
 .debug_rnglists
                0x000000000000018e       0x19 ./Core/Startup/startup_stm32f411retx.o
 .debug_rnglists
                0x00000000000001a7       0xaf ./Drivers/STM32F4xx_HAL_Driver/Src/stm32f4xx_hal.o
 .debug_rnglists
                0x0000000000000256       0xce ./Drivers/STM32F4xx_HAL_Driver/Src/stm32f4xx_hal_cortex.o
 .debug_rnglists
                0x0000000000000324       0x3f ./Drivers/STM32F4xx_HAL_Driver/Src/stm32f4xx_hal_gpio.o
 .debug_rnglists
                0x0000000000000363       0x66 ./Drivers/STM32F4xx_HAL_Driver/Src/stm32f4xx_hal_rcc.o
 .debug_rnglists
                0x00000000000003c9      0x31a ./Drivers/STM32F4xx_HAL_Driver/Src/stm32f4xx_hal_tim.o
 .debug_rnglists
                0x00000000000006e3      0x125 ./Drivers/STM32F4xx_HAL_Driver/Src/stm32f4xx_hal_tim_ex.o
 .debug_rnglists
                0x0000000000000808      0x1b7 ./Drivers/STM32F4xx_HAL_Driver/Src/stm32f4xx_hal_uart.o

.debug_macro    0x0000000000000000    0x15fe5
 .debug_macro   0x0000000000000000      0x1f5 ./Core/Src/controller.o
 .debug_macro   0x00000000000001f5      0xaa8 ./Core/Src/controller.o
 .debug_macro   0x0000000000000c9d      0x29b ./Core/Src/controller.o
 .debug_macro   0x0000000000000f38       0x2e ./Core/Src/controller.o
 .debug_macro   0x0000000000000f66       0x28 ./Core/Src/controller.o
 .debug_macro   0x0000000000000f8e       0x22 ./Core/Src/controller.o
 .debug_macro   0x0000000000000fb0       0x8e ./Core/Src/controller.o
 .debug_macro   0x000000000000103e       0x51 ./Core/Src/controller.o
 .debug_macro   0x000000000000108f      0x103 ./Core/Src/controller.o
 .debug_macro   0x0000000000001192       0x6a ./Core/Src/controller.o
 .debug_macro   0x00000000000011fc      0x1df ./Core/Src/controller.o
 .debug_macro   0x00000000000013db       0x1c ./Core/Src/controller.o
 .debug_macro   0x00000000000013f7       0x22 ./Core/Src/controller.o
 .debug_macro   0x0000000000001419       0xd9 ./Core/Src/controller.o
 .debug_macro   0x00000000000014f2     0x102d ./Core/Src/controller.o
 .debug_macro   0x000000000000251f      0x11f ./Core/Src/controller.o
 .debug_macro   0x000000000000263e     0xb953 ./Core/Src/controller.o
 .debug_macro   0x000000000000df91       0x6d ./Core/Src/controller.o
 .debug_macro   0x000000000000dffe     0x367e ./Core/Src/controller.o
 .debug_macro   0x000000000001167c      0x174 ./Core/Src/controller.o
 .debug_macro   0x00000000000117f0       0x5c ./Core/Src/controller.o
 .debug_macro   0x000000000001184c      0x447 ./Core/Src/controller.o
 .debug_macro   0x0000000000011c93      0x9fe ./Core/Src/controller.o
 .debug_macro   0x0000000000012691      0x115 ./Core/Src/controller.o
 .debug_macro   0x00000000000127a6      0x11b ./Core/Src/controller.o
 .debug_macro   0x00000000000128c1       0xa5 ./Core/Src/controller.o
 .debug_macro   0x0000000000012966      0x15f ./Core/Src/controller.o
 .debug_macro   0x0000000000012ac5      0x287 ./Core/Src/controller.o
 .debug_macro   0x0000000000012d4c       0x5f ./Core/Src/controller.o
 .debug_macro   0x0000000000012dab      0x236 ./Core/Src/controller.o
 .debug_macro   0x0000000000012fe1      0x132 ./Core/Src/controller.o
 .debug_macro   0x0000000000013113      0x264 ./Core/Src/controller.o
 .debug_macro   0x0000000000013377       0x2e ./Core/Src/controller.o
 .debug_macro   0x00000000000133a5      0x11a ./Core/Src/controller.o
 .debug_macro   0x00000000000134bf       0x85 ./Core/Src/controller.o
 .debug_macro   0x0000000000013544       0x89 ./Core/Src/controller.o
 .debug_macro   0x00000000000135cd      0x8e6 ./Core/Src/controller.o
 .debug_macro   0x0000000000013eb3       0x47 ./Core/Src/controller.o
 .debug_macro   0x0000000000013efa      0x295 ./Core/Src/controller.o
 .debug_macro   0x000000000001418f      0x126 ./Core/Src/controller.o
 .debug_macro   0x00000000000142b5       0x8e ./Core/Src/controller.o
 .debug_macro   0x0000000000014343      0x1e7 ./Core/Src/encoders.o
 .debug_macro   0x000000000001452a      0x208 ./Core/Src/main.o
 .debug_macro   0x0000000000014732       0x16 ./Core/Src/main.o
 .debug_macro   0x0000000000014748      0x1e6 ./Core/Src/motors.o
 .debug_macro   0x000000000001492e      0x1f4 ./Core/Src/pid.o
 .debug_macro   0x0000000000014b22      0x1dd ./Core/Src/stm32f4xx_hal_msp.o
 .debug_macro   0x0000000000014cff      0x1f5 ./Core/Src/stm32f4xx_it.o
 .debug_macro   0x0000000000014ef4      0x1ce ./Core/Src/system_stm32f4xx.o
 .debug_macro   0x00000000000150c2      0x1f5 ./Core/Src/systick.o
 .debug_macro   0x00000000000152b7      0x22e ./Drivers/STM32F4xx_HAL_Driver/Src/stm32f4xx_hal.o
 .debug_macro   0x00000000000154e5      0x1ce ./Drivers/STM32F4xx_HAL_Driver/Src/stm32f4xx_hal_cortex.o
 .debug_macro   0x00000000000156b3      0x1d4 ./Drivers/STM32F4xx_HAL_Driver/Src/stm32f4xx_hal_gpio.o
 .debug_macro   0x0000000000015887      0x1f2 ./Drivers/STM32F4xx_HAL_Driver/Src/stm32f4xx_hal_rcc.o
 .debug_macro   0x0000000000015a79      0x1cf ./Drivers/STM32F4xx_HAL_Driver/Src/stm32f4xx_hal_tim.o
 .debug_macro   0x0000000000015c48      0x1ce ./Drivers/STM32F4xx_HAL_Driver/Src/stm32f4xx_hal_tim_ex.o
 .debug_macro   0x0000000000015e16      0x1cf ./Drivers/STM32F4xx_HAL_Driver/Src/stm32f4xx_hal_uart.o

.debug_line     0x0000000000000000     0xed00
 .debug_line    0x0000000000000000      0x737 ./Core/Src/controller.o
 .debug_line    0x0000000000000737      0x71c ./Core/Src/encoders.o
 .debug_line    0x0000000000000e53      0x966 ./Core/Src/main.o
 .debug_line    0x00000000000017b9      0x78a ./Core/Src/motors.o
 .debug_line    0x0000000000001f43      0x819 ./Core/Src/pid.o
 .debug_line    0x000000000000275c      0x813 ./Core/Src/stm32f4xx_hal_msp.o
 .debug_line    0x0000000000002f6f      0x7dc ./Core/Src/stm32f4xx_it.o
 .debug_line    0x000000000000374b      0x75d ./Core/Src/system_stm32f4xx.o
 .debug_line    0x0000000000003ea8      0x729 ./Core/Src/systick.o
 .debug_line    0x00000000000045d1       0x7a ./Core/Startup/startup_stm32f411retx.o
 .debug_line    0x000000000000464b      0x9c3 ./Drivers/STM32F4xx_HAL_Driver/Src/stm32f4xx_hal.o
 .debug_line    0x000000000000500e      0xc72 ./Drivers/STM32F4xx_HAL_Driver/Src/stm32f4xx_hal_cortex.o
 .debug_line    0x0000000000005c80      0xafb ./Drivers/STM32F4xx_HAL_Driver/Src/stm32f4xx_hal_gpio.o
 .debug_line    0x000000000000677b      0xd3c ./Drivers/STM32F4xx_HAL_Driver/Src/stm32f4xx_hal_rcc.o
 .debug_line    0x00000000000074b7     0x3489 ./Drivers/STM32F4xx_HAL_Driver/Src/stm32f4xx_hal_tim.o
 .debug_line    0x000000000000a940     0x195b ./Drivers/STM32F4xx_HAL_Driver/Src/stm32f4xx_hal_tim_ex.o
 .debug_line    0x000000000000c29b     0x2a65 ./Drivers/STM32F4xx_HAL_Driver/Src/stm32f4xx_hal_uart.o

.debug_str      0x0000000000000000    0x8a2ae
 .debug_str     0x0000000000000000    0x86982 ./Core/Src/controller.o
                                      0x86be8 (size before relaxing)
 .debug_str     0x0000000000086982       0x78 ./Core/Src/encoders.o
                                      0x86c27 (size before relaxing)
 .debug_str     0x00000000000869fa     0x1032 ./Core/Src/main.o
                                      0x87d1a (size before relaxing)
 .debug_str     0x0000000000087a2c       0x4a ./Core/Src/motors.o
                                      0x86c2f (size before relaxing)
 .debug_str     0x0000000000087a76       0xc2 ./Core/Src/pid.o
                                      0x86d0f (size before relaxing)
 .debug_str     0x0000000000087b38      0x10e ./Core/Src/stm32f4xx_hal_msp.o
                                      0x87900 (size before relaxing)
 .debug_str     0x0000000000087c46      0x13a ./Core/Src/stm32f4xx_it.o
                                      0x871e4 (size before relaxing)
 .debug_str     0x0000000000087d80       0xdb ./Core/Src/system_stm32f4xx.o
                                      0x86b22 (size before relaxing)
 .debug_str     0x0000000000087e5b       0x21 ./Core/Src/systick.o
                                      0x86c57 (size before relaxing)
 .debug_str     0x0000000000087e7c       0x34 ./Core/Startup/startup_stm32f411retx.o
                                         0x6d (size before relaxing)
 .debug_str     0x0000000000087eb0      0x5fa ./Drivers/STM32F4xx_HAL_Driver/Src/stm32f4xx_hal.o
                                      0x8754e (size before relaxing)
 .debug_str     0x00000000000884aa      0x32d ./Drivers/STM32F4xx_HAL_Driver/Src/stm32f4xx_hal_cortex.o
                                      0x8726f (size before relaxing)
 .debug_str     0x00000000000887d7       0xf1 ./Drivers/STM32F4xx_HAL_Driver/Src/stm32f4xx_hal_gpio.o
                                      0x86c9d (size before relaxing)
 .debug_str     0x00000000000888c8      0x233 ./Drivers/STM32F4xx_HAL_Driver/Src/stm32f4xx_hal_rcc.o
                                      0x86f56 (size before relaxing)
 .debug_str     0x0000000000088afb      0xd04 ./Drivers/STM32F4xx_HAL_Driver/Src/stm32f4xx_hal_tim.o
                                      0x87e8a (size before relaxing)
 .debug_str     0x00000000000897ff      0x493 ./Drivers/STM32F4xx_HAL_Driver/Src/stm32f4xx_hal_tim_ex.o
                                      0x876a6 (size before relaxing)
 .debug_str     0x0000000000089c92      0x61c ./Drivers/STM32F4xx_HAL_Driver/Src/stm32f4xx_hal_uart.o
                                      0x874e3 (size before relaxing)

.debug_frame    0x0000000000000000     0x3514
 .debug_frame   0x0000000000000000       0x58 ./Core/Src/controller.o
 .debug_frame   0x0000000000000058       0x70 ./Core/Src/encoders.o
 .debug_frame   0x00000000000000c8      0x138 ./Core/Src/main.o
 .debug_frame   0x0000000000000200       0x98 ./Core/Src/motors.o
 .debug_frame   0x0000000000000298       0xd4 ./Core/Src/pid.o
 .debug_frame   0x000000000000036c      0x130 ./Core/Src/stm32f4xx_hal_msp.o
 .debug_frame   0x000000000000049c      0x13c ./Core/Src/stm32f4xx_it.o
 .debug_frame   0x00000000000005d8       0x58 ./Core/Src/system_stm32f4xx.o
 .debug_frame   0x0000000000000630       0x38 ./Core/Src/systick.o
 .debug_frame   0x0000000000000668      0x374 ./Drivers/STM32F4xx_HAL_Driver/Src/stm32f4xx_hal.o
 .debug_frame   0x00000000000009dc      0x498 ./Drivers/STM32F4xx_HAL_Driver/Src/stm32f4xx_hal_cortex.o
 .debug_frame   0x0000000000000e74      0x14c ./Drivers/STM32F4xx_HAL_Driver/Src/stm32f4xx_hal_gpio.o
 .debug_frame   0x0000000000000fc0      0x1f4 ./Drivers/STM32F4xx_HAL_Driver/Src/stm32f4xx_hal_rcc.o
 .debug_frame   0x00000000000011b4     0x11bc ./Drivers/STM32F4xx_HAL_Driver/Src/stm32f4xx_hal_tim.o
 .debug_frame   0x0000000000002370      0x638 ./Drivers/STM32F4xx_HAL_Driver/Src/stm32f4xx_hal_tim_ex.o
 .debug_frame   0x00000000000029a8      0x92c ./Drivers/STM32F4xx_HAL_Driver/Src/stm32f4xx_hal_uart.o
 .debug_frame   0x00000000000032d4       0x20 /Applications/STM32CubeIDE.app/Contents/Eclipse/plugins/com.st.stm32cube.ide.mcu.externaltools.gnu-tools-for-stm32.11.3.rel1.macos64_1.1.1.202309131626/tools/bin/../lib/gcc/arm-none-eabi/11.3.1/../../../../arm-none-eabi/lib/thumb/v7e-m+fp/hard/libc_nano.a(libc_a-memset.o)
 .debug_frame   0x00000000000032f4       0x2c /Applications/STM32CubeIDE.app/Contents/Eclipse/plugins/com.st.stm32cube.ide.mcu.externaltools.gnu-tools-for-stm32.11.3.rel1.macos64_1.1.1.202309131626/tools/bin/../lib/gcc/arm-none-eabi/11.3.1/../../../../arm-none-eabi/lib/thumb/v7e-m+fp/hard/libc_nano.a(libc_a-init.o)
 .debug_frame   0x0000000000003320       0xac /Applications/STM32CubeIDE.app/Contents/Eclipse/plugins/com.st.stm32cube.ide.mcu.externaltools.gnu-tools-for-stm32.11.3.rel1.macos64_1.1.1.202309131626/tools/bin/../lib/gcc/arm-none-eabi/11.3.1/thumb/v7e-m+fp/hard/libgcc.a(_arm_addsubdf3.o)
 .debug_frame   0x00000000000033cc       0xc4 /Applications/STM32CubeIDE.app/Contents/Eclipse/plugins/com.st.stm32cube.ide.mcu.externaltools.gnu-tools-for-stm32.11.3.rel1.macos64_1.1.1.202309131626/tools/bin/../lib/gcc/arm-none-eabi/11.3.1/thumb/v7e-m+fp/hard/libgcc.a(_arm_cmpdf2.o)
 .debug_frame   0x0000000000003490       0x24 /Applications/STM32CubeIDE.app/Contents/Eclipse/plugins/com.st.stm32cube.ide.mcu.externaltools.gnu-tools-for-stm32.11.3.rel1.macos64_1.1.1.202309131626/tools/bin/../lib/gcc/arm-none-eabi/11.3.1/thumb/v7e-m+fp/hard/libgcc.a(_arm_truncdfsf2.o)
 .debug_frame   0x00000000000034b4       0x2c /Applications/STM32CubeIDE.app/Contents/Eclipse/plugins/com.st.stm32cube.ide.mcu.externaltools.gnu-tools-for-stm32.11.3.rel1.macos64_1.1.1.202309131626/tools/bin/../lib/gcc/arm-none-eabi/11.3.1/thumb/v7e-m+fp/hard/libgcc.a(_aeabi_uldivmod.o)
 .debug_frame   0x00000000000034e0       0x34 /Applications/STM32CubeIDE.app/Contents/Eclipse/plugins/com.st.stm32cube.ide.mcu.externaltools.gnu-tools-for-stm32.11.3.rel1.macos64_1.1.1.202309131626/tools/bin/../lib/gcc/arm-none-eabi/11.3.1/thumb/v7e-m+fp/hard/libgcc.a(_udivmoddi4.o)

.debug_line_str
                0x0000000000000000       0x61
 .debug_line_str
                0x0000000000000000       0x61 ./Core/Startup/startup_stm32f411retx.o
                                         0x79 (size before relaxing)
