Archive member included to satisfy reference by file (symbol)

C:/ST/STM32CubeIDE_1.14.0/STM32CubeIDE/plugins/com.st.stm32cube.ide.mcu.externaltools.gnu-tools-for-stm32.11.3.rel1.win32_1.1.100.202309141235/tools/bin/../lib/gcc/arm-none-eabi/11.3.1/../../../../arm-none-eabi/lib/thumb/v7e-m+fp/hard\libc_nano.a(libc_a-exit.o)
                              C:/ST/STM32CubeIDE_1.14.0/STM32CubeIDE/plugins/com.st.stm32cube.ide.mcu.externaltools.gnu-tools-for-stm32.11.3.rel1.win32_1.1.100.202309141235/tools/bin/../lib/gcc/arm-none-eabi/11.3.1/../../../../arm-none-eabi/lib/thumb/v7e-m+fp/hard/crt0.o (exit)
C:/ST/STM32CubeIDE_1.14.0/STM32CubeIDE/plugins/com.st.stm32cube.ide.mcu.externaltools.gnu-tools-for-stm32.11.3.rel1.win32_1.1.100.202309141235/tools/bin/../lib/gcc/arm-none-eabi/11.3.1/../../../../arm-none-eabi/lib/thumb/v7e-m+fp/hard\libc_nano.a(libc_a-findfp.o)
                              C:/ST/STM32CubeIDE_1.14.0/STM32CubeIDE/plugins/com.st.stm32cube.ide.mcu.externaltools.gnu-tools-for-stm32.11.3.rel1.win32_1.1.100.202309141235/tools/bin/../lib/gcc/arm-none-eabi/11.3.1/../../../../arm-none-eabi/lib/thumb/v7e-m+fp/hard\libc_nano.a(libc_a-exit.o) (__stdio_exit_handler)
C:/ST/STM32CubeIDE_1.14.0/STM32CubeIDE/plugins/com.st.stm32cube.ide.mcu.externaltools.gnu-tools-for-stm32.11.3.rel1.win32_1.1.100.202309141235/tools/bin/../lib/gcc/arm-none-eabi/11.3.1/../../../../arm-none-eabi/lib/thumb/v7e-m+fp/hard\libc_nano.a(libc_a-fwalk.o)
                              C:/ST/STM32CubeIDE_1.14.0/STM32CubeIDE/plugins/com.st.stm32cube.ide.mcu.externaltools.gnu-tools-for-stm32.11.3.rel1.win32_1.1.100.202309141235/tools/bin/../lib/gcc/arm-none-eabi/11.3.1/../../../../arm-none-eabi/lib/thumb/v7e-m+fp/hard\libc_nano.a(libc_a-findfp.o) (_fwalk_sglue)
C:/ST/STM32CubeIDE_1.14.0/STM32CubeIDE/plugins/com.st.stm32cube.ide.mcu.externaltools.gnu-tools-for-stm32.11.3.rel1.win32_1.1.100.202309141235/tools/bin/../lib/gcc/arm-none-eabi/11.3.1/../../../../arm-none-eabi/lib/thumb/v7e-m+fp/hard\libc_nano.a(libc_a-stdio.o)
                              C:/ST/STM32CubeIDE_1.14.0/STM32CubeIDE/plugins/com.st.stm32cube.ide.mcu.externaltools.gnu-tools-for-stm32.11.3.rel1.win32_1.1.100.202309141235/tools/bin/../lib/gcc/arm-none-eabi/11.3.1/../../../../arm-none-eabi/lib/thumb/v7e-m+fp/hard\libc_nano.a(libc_a-findfp.o) (__sread)
C:/ST/STM32CubeIDE_1.14.0/STM32CubeIDE/plugins/com.st.stm32cube.ide.mcu.externaltools.gnu-tools-for-stm32.11.3.rel1.win32_1.1.100.202309141235/tools/bin/../lib/gcc/arm-none-eabi/11.3.1/../../../../arm-none-eabi/lib/thumb/v7e-m+fp/hard\libc_nano.a(libc_a-memset.o)
                              C:/ST/STM32CubeIDE_1.14.0/STM32CubeIDE/plugins/com.st.stm32cube.ide.mcu.externaltools.gnu-tools-for-stm32.11.3.rel1.win32_1.1.100.202309141235/tools/bin/../lib/gcc/arm-none-eabi/11.3.1/../../../../arm-none-eabi/lib/thumb/v7e-m+fp/hard/crt0.o (memset)
C:/ST/STM32CubeIDE_1.14.0/STM32CubeIDE/plugins/com.st.stm32cube.ide.mcu.externaltools.gnu-tools-for-stm32.11.3.rel1.win32_1.1.100.202309141235/tools/bin/../lib/gcc/arm-none-eabi/11.3.1/../../../../arm-none-eabi/lib/thumb/v7e-m+fp/hard\libc_nano.a(libc_a-closer.o)
                              C:/ST/STM32CubeIDE_1.14.0/STM32CubeIDE/plugins/com.st.stm32cube.ide.mcu.externaltools.gnu-tools-for-stm32.11.3.rel1.win32_1.1.100.202309141235/tools/bin/../lib/gcc/arm-none-eabi/11.3.1/../../../../arm-none-eabi/lib/thumb/v7e-m+fp/hard\libc_nano.a(libc_a-stdio.o) (_close_r)
C:/ST/STM32CubeIDE_1.14.0/STM32CubeIDE/plugins/com.st.stm32cube.ide.mcu.externaltools.gnu-tools-for-stm32.11.3.rel1.win32_1.1.100.202309141235/tools/bin/../lib/gcc/arm-none-eabi/11.3.1/../../../../arm-none-eabi/lib/thumb/v7e-m+fp/hard\libc_nano.a(libc_a-reent.o)
                              C:/ST/STM32CubeIDE_1.14.0/STM32CubeIDE/plugins/com.st.stm32cube.ide.mcu.externaltools.gnu-tools-for-stm32.11.3.rel1.win32_1.1.100.202309141235/tools/bin/../lib/gcc/arm-none-eabi/11.3.1/../../../../arm-none-eabi/lib/thumb/v7e-m+fp/hard\libc_nano.a(libc_a-closer.o) (errno)
C:/ST/STM32CubeIDE_1.14.0/STM32CubeIDE/plugins/com.st.stm32cube.ide.mcu.externaltools.gnu-tools-for-stm32.11.3.rel1.win32_1.1.100.202309141235/tools/bin/../lib/gcc/arm-none-eabi/11.3.1/../../../../arm-none-eabi/lib/thumb/v7e-m+fp/hard\libc_nano.a(libc_a-impure.o)
                              C:/ST/STM32CubeIDE_1.14.0/STM32CubeIDE/plugins/com.st.stm32cube.ide.mcu.externaltools.gnu-tools-for-stm32.11.3.rel1.win32_1.1.100.202309141235/tools/bin/../lib/gcc/arm-none-eabi/11.3.1/../../../../arm-none-eabi/lib/thumb/v7e-m+fp/hard\libc_nano.a(libc_a-reent.o) (_impure_ptr)
C:/ST/STM32CubeIDE_1.14.0/STM32CubeIDE/plugins/com.st.stm32cube.ide.mcu.externaltools.gnu-tools-for-stm32.11.3.rel1.win32_1.1.100.202309141235/tools/bin/../lib/gcc/arm-none-eabi/11.3.1/../../../../arm-none-eabi/lib/thumb/v7e-m+fp/hard\libc_nano.a(libc_a-lseekr.o)
[...]
Memory Configuration

Name             Origin             Length             Attributes
RAM              0x0000000020000000 0x0000000000020000 xrw
FLASH            0x0000000008000000 0x0000000000080000 xr
*default*        0x0000000000000000 0xffffffffffffffff

Linker script and memory map

LOAD C:/ST/STM32CubeIDE_1.14.0/STM32CubeIDE/plugins/com.st.stm32cube.ide.mcu.externaltools.gnu-tools-for-stm32.11.3.rel1.win32_1.1.100.202309141235/tools/bin/../lib/gcc/arm-none-eabi/11.3.1/thumb/v7e-m+fp/hard/crti.o
LOAD C:/ST/STM32CubeIDE_1.14.0/STM32CubeIDE/plugins/com.st.stm32cube.ide.mcu.externaltools.gnu-tools-for-stm32.11.3.rel1.win32_1.1.100.202309141235/tools/bin/../lib/gcc/arm-none-eabi/11.3.1/thumb/v7e-m+fp/hard/crtbegin.o
LOAD C:/ST/STM32CubeIDE_1.14.0/STM32CubeIDE/plugins/com.st.stm32cube.ide.mcu.externaltools.gnu-tools-for-stm32.11.3.rel1.win32_1.1.100.202309141235/tools/bin/../lib/gcc/arm-none-eabi/11.3.1/../../../../arm-none-eabi/lib/thumb/v7e-m+fp/hard/crt0.o
LOAD ./Core/Src/controller.o
LOAD ./Core/Src/encoders.o
LOAD ./Core/Src/main.o
LOAD ./Core/Src/motors.o
LOAD ./Core/Src/pid.o
LOAD ./Core/Src/stm32f4xx_hal_msp.o
LOAD ./Core/Src/stm32f4xx_it.o
LOAD ./Core/Src/syscalls.o
LOAD ./Core/Src/sysmem.o
LOAD ./Core/Src/system_stm32f4xx.o
LOAD ./Core/Src/systick.o
LOAD ./Core/Startup/startup_stm32f411retx.o
LOAD ./Drivers/STM32F4xx_HAL_Driver/Src/stm32f4xx_hal.o
LOAD ./Drivers/STM32F4xx_HAL_Driver/Src/stm32f4xx_hal_cortex.o
LOAD ./Drivers/STM32F4xx_HAL_Driver/Src/stm32f4xx_hal_dma.o
LOAD ./Drivers/STM32F4xx_HAL_Driver/Src/stm32f4xx_hal_dma_ex.o
LOAD ./Drivers/STM32F4xx_HAL_Driver/Src/stm32f4xx_hal_exti.o
LOAD ./Drivers/STM32F4xx_HAL_Driver/Src/stm32f4xx_hal_flash.o
LOAD ./Drivers/STM32F4xx_HAL_Driver/Src/stm32f4xx_hal_flash_ex.o
LOAD ./Drivers/STM32F4xx_HAL_Driver/Src/stm32f4xx_hal_flash_ramfunc.o
LOAD ./Drivers/STM32F4xx_HAL_Driver/Src/stm32f4xx_hal_gpio.o
LOAD ./Drivers/STM32F4xx_HAL_Driver/Src/stm32f4xx_hal_pwr.o
LOAD ./Drivers/STM32F4xx_HAL_Driver/Src/stm32f4xx_hal_pwr_ex.o
LOAD ./Drivers/STM32F4xx_HAL_Driver/Src/stm32f4xx_hal_rcc.o
LOAD ./Drivers/STM32F4xx_HAL_Driver/Src/stm32f4xx_hal_rcc_ex.o
LOAD ./Drivers/STM32F4xx_HAL_Driver/Src/stm32f4xx_hal_tim.o
LOAD ./Drivers/STM32F4xx_HAL_Driver/Src/stm32f4xx_hal_tim_ex.o
LOAD ./Drivers/STM32F4xx_HAL_Driver/Src/stm32f4xx_hal_uart.o
START GROUP
LOAD C:/ST/STM32CubeIDE_1.14.0/STM32CubeIDE/plugins/com.st.stm32cube.ide.mcu.externaltools.gnu-tools-for-stm32.11.3.rel1.win32_1.1.100.202309141235/tools/bin/../lib/gcc/arm-none-eabi/11.3.1/../../../../arm-none-eabi/lib/thumb/v7e-m+fp/hard\libc_nano.a
LOAD C:/ST/STM32CubeIDE_1.14.0/STM32CubeIDE/plugins/com.st.stm32cube.ide.mcu.externaltools.gnu-tools-for-stm32.11.3.rel1.win32_1.1.100.202309141235/tools/bin/../lib/gcc/arm-none-eabi/11.3.1/../../../../arm-none-eabi/lib/thumb/v7e-m+fp/hard\libm.a
END GROUP
START GROUP
LOAD C:/ST/STM32CubeIDE_1.14.0/STM32CubeIDE/plugins/com.st.stm32cube.ide.mcu.externaltools.gnu-tools-for-stm32.11.3.rel1.win32_1.1.100.202309141235/tools/bin/../lib/gcc/arm-none-eabi/11.3.1/thumb/v7e-m+fp/hard\libgcc.a
LOAD C:/ST/STM32CubeIDE_1.14.0/STM32CubeIDE/plugins/com.st.stm32cube.ide.mcu.externaltools.gnu-tools-for-stm32.11.3.rel1.win32_1.1.100.202309141235/tools/bin/../lib/gcc/arm-none-eabi/11.3.1/../../../../arm-none-eabi/lib/thumb/v7e-m+fp/hard\libc_nano.a
END GROUP
START GROUP
LOAD C:/ST/STM32CubeIDE_1.14.0/STM32CubeIDE/plugins/com.st.stm32cube.ide.mcu.externaltools.gnu-tools-for-stm32.11.3.rel1.win32_1.1.100.202309141235/tools/bin/../lib/gcc/arm-none-eabi/11.3.1/thumb/v7e-m+fp/hard\libgcc.a
LOAD C:/ST/STM32CubeIDE_1.14.0/STM32CubeIDE/plugins/com.st.stm32cube.ide.mcu.externaltools.gnu-tools-for-stm32.11.3.rel1.win32_1.1.100.202309141235/tools/bin/../lib/gcc/arm-none-eabi/11.3.1/../../../../arm-none-eabi/lib/thumb/v7e-m+fp/hard\libc_nano.a
LOAD C:/ST/STM32CubeIDE_1.14.0/STM32CubeIDE/plugins/com.st.stm32cube.ide.mcu.externaltools.gnu-tools-for-stm32.11.3.rel1.win32_1.1.100.202309141235/tools/bin/../lib/gcc/arm-none-eabi/11.3.1/../../../../arm-none-eabi/lib/thumb/v7e-m+fp/hard\libnosys.a
END GROUP
START GROUP
LOAD C:/ST/STM32CubeIDE_1.14.0/STM32CubeIDE/plugins/com.st.stm32cube.ide.mcu.externaltools.gnu-tools-for-stm32.11.3.rel1.win32_1.1.100.202309141235/tools/bin/../lib/gcc/arm-none-eabi/11.3.1/thumb/v7e-m+fp/hard\libgcc.a
LOAD C:/ST/STM32CubeIDE_1.14.0/STM32CubeIDE/plugins/com.st.stm32cube.ide.mcu.externaltools.gnu-tools-for-stm32.11.3.rel1.win32_1.1.100.202309141235/tools/bin/../lib/gcc/arm-none-eabi/11.3.1/../../../../arm-none-eabi/lib/thumb/v7e-m+fp/hard\libc_nano.a
LOAD C:/ST/STM32CubeIDE_1.14.0/STM32CubeIDE/plugins/com.st.stm32cube.ide.mcu.externaltools.gnu-tools-for-stm32.11.3.rel1.win32_1.1.100.202309141235/tools/bin/../lib/gcc/arm-none-eabi/11.3.1/../../../../arm-none-eabi/lib/thumb/v7e-m+fp/hard\libnosys.a
END GROUP
LOAD C:/ST/STM32CubeIDE_1.14.0/STM32CubeIDE/plugins/com.st.stm32cube.ide.mcu.externaltools.gnu-tools-for-stm32.11.3.rel1.win32_1.1.100.202309141235/tools/bin/../lib/gcc/arm-none-eabi/11.3.1/thumb/v7e-m+fp/hard/crtend.o
LOAD C:/ST/STM32CubeIDE_1.14.0/STM32CubeIDE/plugins/com.st.stm32cube.ide.mcu.externaltools.gnu-tools-for-stm32.11.3.rel1.win32_1.1.100.202309141235/tools/bin/../lib/gcc/arm-none-eabi/11.3.1/thumb/v7e-m+fp/hard/crtn.o
                0x0000000020020000                _estack = (ORIGIN (RAM) + LENGTH (RAM))
                0x0000000000000200                _Min_Heap_Size = 0x200
                0x0000000000000400                _Min_Stack_Size = 0x400

.isr_vector     0x0000000008000000      0x198
                0x0000000008000000                . = ALIGN (0x4)
 *(.isr_vector)
 .isr_vector    0x0000000008000000      0x198 ./Core/Startup/startup_stm32f411retx.o
                0x0000000008000000                g_pfnVectors
                0x0000000008000198                . = ALIGN (0x4)

.text           0x0000000008000198     0x3488
                0x0000000008000198                . = ALIGN (0x4)
 *(.text)
 .text          0x0000000008000198       0x40 C:/ST/STM32CubeIDE_1.14.0/STM32CubeIDE/plugins/com.st.stm32cube.ide.mcu.externaltools.gnu-tools-for-stm32.11.3.rel1.win32_1.1.100.202309141235/tools/bin/../lib/gcc/arm-none-eabi/11.3.1/thumb/v7e-m+fp/hard/crtbegin.o
 .text          0x00000000080001d8       0x30 C:/ST/STM32CubeIDE_1.14.0/STM32CubeIDE/plugins/com.st.stm32cube.ide.mcu.externaltools.gnu-tools-for-stm32.11.3.rel1.win32_1.1.100.202309141235/tools/bin/../lib/gcc/arm-none-eabi/11.3.1/thumb/v7e-m+fp/hard\libgcc.a(_aeabi_uldivmod.o)
                0x00000000080001d8                __aeabi_uldivmod
 .text          0x0000000008000208      0x2c8 C:/ST/STM32CubeIDE_1.14.0/STM32CubeIDE/plugins/com.st.stm32cube.ide.mcu.externaltools.gnu-tools-for-stm32.11.3.rel1.win32_1.1.100.202309141235/tools/bin/../lib/gcc/arm-none-eabi/11.3.1/thumb/v7e-m+fp/hard\libgcc.a(_udivmoddi4.o)
                0x0000000008000208                __udivmoddi4
 .text          0x00000000080004d0        0x4 C:/ST/STM32CubeIDE_1.14.0/STM32CubeIDE/plugins/com.st.stm32cube.ide.mcu.externaltools.gnu-tools-for-stm32.11.3.rel1.win32_1.1.100.202309141235/tools/bin/../lib/gcc/arm-none-eabi/11.3.1/thumb/v7e-m+fp/hard\libgcc.a(_dvmd_tls.o)
                0x00000000080004d0                __aeabi_idiv0
                0x00000000080004d0                __aeabi_ldiv0
 *(.text*)
 .text.move     0x00000000080004d4       0x46 ./Core/Src/controller.o
                0x00000000080004d4                move
 .text.turn     0x000000000800051a       0x44 ./Core/Src/controller.o
                0x000000000800051a                turn
 .text.getRightEncoderCounts
                0x000000000800055e       0x1c ./Core/Src/encoders.o
                0x000000000800055e                getRightEncoderCounts
 *fill*         0x000000000800057a        0x2 
 .text.getLeftEncoderCounts
                0x000000000800057c       0x20 ./Core/Src/encoders.o
                0x000000000800057c                getLeftEncoderCounts
 .text.resetEncoders
                0x000000000800059c       0x20 ./Core/Src/encoders.o
                0x000000000800059c                resetEncoders
 .text.main     0x00000000080005bc       0x8c ./Core/Src/main.o
                0x00000000080005bc                main
 .text.SystemClock_Config
                0x0000000008000648       0xd4 ./Core/Src/main.o
                0x0000000008000648                SystemClock_Config
 .text.MX_TIM1_Init
                0x000000000800071c       0xb0 ./Core/Src/main.o
 .text.MX_TIM2_Init
                0x00000000080007cc       0xa8 ./Core/Src/main.o
 .text.MX_TIM4_Init
                0x0000000008000874       0xf4 ./Core/Src/main.o
 .text.MX_USART2_UART_Init
                0x0000000008000968       0x54 ./Core/Src/main.o
 .text.MX_GPIO_Init
                0x00000000080009bc       0xec ./Core/Src/main.o
 .text.HAL_GPIO_EXTI_Callback
                0x0000000008000aa8       0x34 ./Core/Src/main.o
                0x0000000008000aa8                HAL_GPIO_EXTI_Callback
 .text.Error_Handler
                0x0000000008000adc        0xa ./Core/Src/main.o
                0x0000000008000adc                Error_Handler
 .text.limitPWM
                0x0000000008000ae6       0x4e ./Core/Src/motors.o
                0x0000000008000ae6                limitPWM
 .text.setMotorLPWM
                0x0000000008000b34       0x7c ./Core/Src/motors.o
                0x0000000008000b34                setMotorLPWM
 .text.setMotorRPWM
                0x0000000008000bb0       0x80 ./Core/Src/motors.o
                0x0000000008000bb0                setMotorRPWM
 .text.resetMotors
                0x0000000008000c30       0x1c ./Core/Src/motors.o
                0x0000000008000c30                resetMotors
 .text.resetPID
                0x0000000008000c4c       0x5c ./Core/Src/pid.o
                0x0000000008000c4c                resetPID
 .text.updatePID
                0x0000000008000ca8      0x1a8 ./Core/Src/pid.o
                0x0000000008000ca8                updatePID
 .text.setPIDGoalD
                0x0000000008000e50       0x24 ./Core/Src/pid.o
                0x0000000008000e50                setPIDGoalD
 .text.setPIDGoalA
                0x0000000008000e74       0x24 ./Core/Src/pid.o
                0x0000000008000e74                setPIDGoalA
 .text.PIDdone  0x0000000008000e98       0x24 ./Core/Src/pid.o
                0x0000000008000e98                PIDdone
 .text.HAL_MspInit
                0x0000000008000ebc       0x50 ./Core/Src/stm32f4xx_hal_msp.o
                0x0000000008000ebc                HAL_MspInit
 .text.HAL_TIM_Encoder_MspInit
                0x0000000008000f0c       0xf4 ./Core/Src/stm32f4xx_hal_msp.o
                0x0000000008000f0c                HAL_TIM_Encoder_MspInit
 .text.HAL_TIM_PWM_MspInit
                0x0000000008001000       0x50 ./Core/Src/stm32f4xx_hal_msp.o
                0x0000000008001000                HAL_TIM_PWM_MspInit
 .text.HAL_TIM_MspPostInit
                0x0000000008001050       0x74 ./Core/Src/stm32f4xx_hal_msp.o
                0x0000000008001050                HAL_TIM_MspPostInit
 .text.HAL_UART_MspInit
                0x00000000080010c4       0x90 ./Core/Src/stm32f4xx_hal_msp.o
                0x00000000080010c4                HAL_UART_MspInit
 .text.NMI_Handler
                0x0000000008001154        0x6 ./Core/Src/stm32f4xx_it.o
                0x0000000008001154                NMI_Handler
 .text.HardFault_Handler
                0x000000000800115a        0x6 ./Core/Src/stm32f4xx_it.o
                0x000000000800115a                HardFault_Handler
 .text.MemManage_Handler
                0x0000000008001160        0x6 ./Core/Src/stm32f4xx_it.o
                0x0000000008001160                MemManage_Handler
 .text.BusFault_Handler
                0x0000000008001166        0x6 ./Core/Src/stm32f4xx_it.o
                0x0000000008001166                BusFault_Handler
 .text.UsageFault_Handler
                0x000000000800116c        0x6 ./Core/Src/stm32f4xx_it.o
                0x000000000800116c                UsageFault_Handler
 .text.SVC_Handler
                0x0000000008001172        0xe ./Core/Src/stm32f4xx_it.o
                0x0000000008001172                SVC_Handler
 .text.DebugMon_Handler
                0x0000000008001180        0xe ./Core/Src/stm32f4xx_it.o
                0x0000000008001180                DebugMon_Handler
 .text.PendSV_Handler
                0x000000000800118e        0xe ./Core/Src/stm32f4xx_it.o
                0x000000000800118e                PendSV_Handler
 .text.SysTick_Handler
                0x000000000800119c       0x10 ./Core/Src/stm32f4xx_it.o
                0x000000000800119c                SysTick_Handler
 .text.TIM4_IRQHandler
                0x00000000080011ac       0x14 ./Core/Src/stm32f4xx_it.o
                0x00000000080011ac                TIM4_IRQHandler
 .text.EXTI15_10_IRQHandler
                0x00000000080011c0       0x10 ./Core/Src/stm32f4xx_it.o
                0x00000000080011c0                EXTI15_10_IRQHandler
 .text.SystemInit
                0x00000000080011d0       0x24 ./Core/Src/system_stm32f4xx.o
                0x00000000080011d0                SystemInit
 .text.SysTickFunction
                0x00000000080011f4       0x78 ./Core/Src/systick.o
                0x00000000080011f4                SysTickFunction
 .text.Reset_Handler
                0x000000000800126c       0x50 ./Core/Startup/startup_stm32f411retx.o
                0x000000000800126c                Reset_Handler
 .text.Default_Handler
                0x00000000080012bc        0x2 ./Core/Startup/startup_stm32f411retx.o
                0x00000000080012bc                RTC_Alarm_IRQHandler
                0x00000000080012bc                EXTI2_IRQHandler
                0x00000000080012bc                SPI4_IRQHandler
                0x00000000080012bc                TIM1_CC_IRQHandler
                0x00000000080012bc                DMA2_Stream5_IRQHandler
                0x00000000080012bc                DMA1_Stream5_IRQHandler
                0x00000000080012bc                PVD_IRQHandler
                0x00000000080012bc                SDIO_IRQHandler
                0x00000000080012bc                TAMP_STAMP_IRQHandler
                0x00000000080012bc                EXTI3_IRQHandler
                0x00000000080012bc                TIM1_UP_TIM10_IRQHandler
                0x00000000080012bc                I2C3_ER_IRQHandler
                0x00000000080012bc                EXTI0_IRQHandler
                0x00000000080012bc                I2C2_EV_IRQHandler
                0x00000000080012bc                DMA1_Stream2_IRQHandler
                0x00000000080012bc                FPU_IRQHandler
                0x00000000080012bc                DMA2_Stream2_IRQHandler
                0x00000000080012bc                SPI1_IRQHandler
                0x00000000080012bc                TIM1_BRK_TIM9_IRQHandler
                0x00000000080012bc                DMA2_Stream3_IRQHandler
                0x00000000080012bc                USART6_IRQHandler
                0x00000000080012bc                DMA2_Stream0_IRQHandler
                0x00000000080012bc                I2C1_EV_IRQHandler
                0x00000000080012bc                DMA1_Stream6_IRQHandler
                0x00000000080012bc                DMA1_Stream1_IRQHandler
                0x00000000080012bc                TIM3_IRQHandler
                0x00000000080012bc                RCC_IRQHandler
                0x00000000080012bc                Default_Handler
                0x00000000080012bc                ADC_IRQHandler
                0x00000000080012bc                DMA1_Stream7_IRQHandler
                0x00000000080012bc                SPI5_IRQHandler
                0x00000000080012bc                TIM5_IRQHandler
                0x00000000080012bc                DMA2_Stream7_IRQHandler
                0x00000000080012bc                I2C3_EV_IRQHandler
                0x00000000080012bc                EXTI9_5_IRQHandler
                0x00000000080012bc                RTC_WKUP_IRQHandler
                0x00000000080012bc                SPI2_IRQHandler
                0x00000000080012bc                DMA1_Stream0_IRQHandler
                0x00000000080012bc                EXTI4_IRQHandler
                0x00000000080012bc                WWDG_IRQHandler
                0x00000000080012bc                TIM2_IRQHandler
                0x00000000080012bc                OTG_FS_WKUP_IRQHandler
                0x00000000080012bc                TIM1_TRG_COM_TIM11_IRQHandler
                0x00000000080012bc                EXTI1_IRQHandler
                0x00000000080012bc                USART2_IRQHandler
                0x00000000080012bc                I2C2_ER_IRQHandler
                0x00000000080012bc                DMA2_Stream1_IRQHandler
                0x00000000080012bc                FLASH_IRQHandler
                0x00000000080012bc                DMA2_Stream4_IRQHandler
                0x00000000080012bc                USART1_IRQHandler
                0x00000000080012bc                OTG_FS_IRQHandler
                0x00000000080012bc                SPI3_IRQHandler
                0x00000000080012bc                DMA1_Stream4_IRQHandler
                0x00000000080012bc                I2C1_ER_IRQHandler
                0x00000000080012bc                DMA2_Stream6_IRQHandler
                0x00000000080012bc                DMA1_Stream3_IRQHandler
 *fill*         0x00000000080012be        0x2 
 .text.HAL_Init
                0x00000000080012c0       0x44 ./Drivers/STM32F4xx_HAL_Driver/Src/stm32f4xx_hal.o
                0x00000000080012c0                HAL_Init
 .text.HAL_InitTick
                0x0000000008001304       0x60 ./Drivers/STM32F4xx_HAL_Driver/Src/stm32f4xx_hal.o
                0x0000000008001304                HAL_InitTick
 .text.HAL_IncTick
                0x0000000008001364       0x28 ./Drivers/STM32F4xx_HAL_Driver/Src/stm32f4xx_hal.o
                0x0000000008001364                HAL_IncTick
 .text.HAL_GetTick
                0x000000000800138c       0x18 ./Drivers/STM32F4xx_HAL_Driver/Src/stm32f4xx_hal.o
                0x000000000800138c                HAL_GetTick
 .text.__NVIC_SetPriorityGrouping
                0x00000000080013a4       0x48 ./Drivers/STM32F4xx_HAL_Driver/Src/stm32f4xx_hal_cortex.o
 .text.__NVIC_GetPriorityGrouping
                0x00000000080013ec       0x1c ./Drivers/STM32F4xx_HAL_Driver/Src/stm32f4xx_hal_cortex.o
 .text.__NVIC_EnableIRQ
                0x0000000008001408       0x3c ./Drivers/STM32F4xx_HAL_Driver/Src/stm32f4xx_hal_cortex.o
 .text.__NVIC_SetPriority
                0x0000000008001444       0x54 ./Drivers/STM32F4xx_HAL_Driver/Src/stm32f4xx_hal_cortex.o
 .text.NVIC_EncodePriority
                0x0000000008001498       0x66 ./Drivers/STM32F4xx_HAL_Driver/Src/stm32f4xx_hal_cortex.o
 *fill*         0x00000000080014fe        0x2 
 .text.SysTick_Config
                0x0000000008001500       0x44 ./Drivers/STM32F4xx_HAL_Driver/Src/stm32f4xx_hal_cortex.o
 .text.HAL_NVIC_SetPriorityGrouping
                0x0000000008001544       0x16 ./Drivers/STM32F4xx_HAL_Driver/Src/stm32f4xx_hal_cortex.o
                0x0000000008001544                HAL_NVIC_SetPriorityGrouping
 .text.HAL_NVIC_SetPriority
                0x000000000800155a       0x38 ./Drivers/STM32F4xx_HAL_Driver/Src/stm32f4xx_hal_cortex.o
                0x000000000800155a                HAL_NVIC_SetPriority
 .text.HAL_NVIC_EnableIRQ
                0x0000000008001592       0x1c ./Drivers/STM32F4xx_HAL_Driver/Src/stm32f4xx_hal_cortex.o
                0x0000000008001592                HAL_NVIC_EnableIRQ
 .text.HAL_SYSTICK_Config
                0x00000000080015ae       0x18 ./Drivers/STM32F4xx_HAL_Driver/Src/stm32f4xx_hal_cortex.o
                0x00000000080015ae                HAL_SYSTICK_Config
 *fill*         0x00000000080015c6        0x2 
 .text.HAL_GPIO_Init
                0x00000000080015c8      0x308 ./Drivers/STM32F4xx_HAL_Driver/Src/stm32f4xx_hal_gpio.o
                0x00000000080015c8                HAL_GPIO_Init
 .text.HAL_GPIO_WritePin
                0x00000000080018d0       0x32 ./Drivers/STM32F4xx_HAL_Driver/Src/stm32f4xx_hal_gpio.o
                0x00000000080018d0                HAL_GPIO_WritePin
 *fill*         0x0000000008001902        0x2 
 .text.HAL_GPIO_EXTI_IRQHandler
                0x0000000008001904       0x30 ./Drivers/STM32F4xx_HAL_Driver/Src/stm32f4xx_hal_gpio.o
                0x0000000008001904                HAL_GPIO_EXTI_IRQHandler
 .text.HAL_RCC_OscConfig
                0x0000000008001934      0x4f0 ./Drivers/STM32F4xx_HAL_Driver/Src/stm32f4xx_hal_rcc.o
                0x0000000008001934                HAL_RCC_OscConfig
 .text.HAL_RCC_ClockConfig
                0x0000000008001e24      0x1cc ./Drivers/STM32F4xx_HAL_Driver/Src/stm32f4xx_hal_rcc.o
                0x0000000008001e24                HAL_RCC_ClockConfig
 .text.HAL_RCC_GetSysClockFreq
                0x0000000008001ff0      0x20c ./Drivers/STM32F4xx_HAL_Driver/Src/stm32f4xx_hal_rcc.o
                0x0000000008001ff0                HAL_RCC_GetSysClockFreq
 .text.HAL_RCC_GetHCLKFreq
                0x00000000080021fc       0x18 ./Drivers/STM32F4xx_HAL_Driver/Src/stm32f4xx_hal_rcc.o
                0x00000000080021fc                HAL_RCC_GetHCLKFreq
 .text.HAL_RCC_GetPCLK1Freq
                0x0000000008002214       0x28 ./Drivers/STM32F4xx_HAL_Driver/Src/stm32f4xx_hal_rcc.o
                0x0000000008002214                HAL_RCC_GetPCLK1Freq
 .text.HAL_RCC_GetPCLK2Freq
                0x000000000800223c       0x28 ./Drivers/STM32F4xx_HAL_Driver/Src/stm32f4xx_hal_rcc.o
                0x000000000800223c                HAL_RCC_GetPCLK2Freq
 .text.HAL_TIM_PWM_Init
                0x0000000008002264       0x9e ./Drivers/STM32F4xx_HAL_Driver/Src/stm32f4xx_hal_tim.o
                0x0000000008002264                HAL_TIM_PWM_Init
 *fill*         0x0000000008002302        0x2 
 .text.HAL_TIM_PWM_Start
                0x0000000008002304      0x160 ./Drivers/STM32F4xx_HAL_Driver/Src/stm32f4xx_hal_tim.o
                0x0000000008002304                HAL_TIM_PWM_Start
 .text.HAL_TIM_Encoder_Init
                0x0000000008002464      0x14c ./Drivers/STM32F4xx_HAL_Driver/Src/stm32f4xx_hal_tim.o
                0x0000000008002464                HAL_TIM_Encoder_Init
 .text.HAL_TIM_Encoder_Start
                0x00000000080025b0      0x11c ./Drivers/STM32F4xx_HAL_Driver/Src/stm32f4xx_hal_tim.o
                0x00000000080025b0                HAL_TIM_Encoder_Start
 .text.HAL_TIM_IRQHandler
                0x00000000080026cc      0x210 ./Drivers/STM32F4xx_HAL_Driver/Src/stm32f4xx_hal_tim.o
                0x00000000080026cc                HAL_TIM_IRQHandler
 .text.HAL_TIM_PWM_ConfigChannel
                0x00000000080028dc      0x184 ./Drivers/STM32F4xx_HAL_Driver/Src/stm32f4xx_hal_tim.o
                0x00000000080028dc                HAL_TIM_PWM_ConfigChannel
 .text.HAL_TIM_PeriodElapsedCallback
                0x0000000008002a60       0x14 ./Drivers/STM32F4xx_HAL_Driver/Src/stm32f4xx_hal_tim.o
                0x0000000008002a60                HAL_TIM_PeriodElapsedCallback
 .text.HAL_TIM_OC_DelayElapsedCallback
                0x0000000008002a74       0x14 ./Drivers/STM32F4xx_HAL_Driver/Src/stm32f4xx_hal_tim.o
                0x0000000008002a74                HAL_TIM_OC_DelayElapsedCallback
 .text.HAL_TIM_IC_CaptureCallback
                0x0000000008002a88       0x14 ./Drivers/STM32F4xx_HAL_Driver/Src/stm32f4xx_hal_tim.o
                0x0000000008002a88                HAL_TIM_IC_CaptureCallback
 .text.HAL_TIM_PWM_PulseFinishedCallback
                0x0000000008002a9c       0x14 ./Drivers/STM32F4xx_HAL_Driver/Src/stm32f4xx_hal_tim.o
                0x0000000008002a9c                HAL_TIM_PWM_PulseFinishedCallback
 .text.HAL_TIM_TriggerCallback
                0x0000000008002ab0       0x14 ./Drivers/STM32F4xx_HAL_Driver/Src/stm32f4xx_hal_tim.o
                0x0000000008002ab0                HAL_TIM_TriggerCallback
 .text.TIM_Base_SetConfig
                0x0000000008002ac4      0x100 ./Drivers/STM32F4xx_HAL_Driver/Src/stm32f4xx_hal_tim.o
                0x0000000008002ac4                TIM_Base_SetConfig
 .text.TIM_OC1_SetConfig
                0x0000000008002bc4       0xcc ./Drivers/STM32F4xx_HAL_Driver/Src/stm32f4xx_hal_tim.o
 .text.TIM_OC2_SetConfig
                0x0000000008002c90       0xd8 ./Drivers/STM32F4xx_HAL_Driver/Src/stm32f4xx_hal_tim.o
                0x0000000008002c90                TIM_OC2_SetConfig
 .text.TIM_OC3_SetConfig
                0x0000000008002d68       0xd4 ./Drivers/STM32F4xx_HAL_Driver/Src/stm32f4xx_hal_tim.o
 .text.TIM_OC4_SetConfig
                0x0000000008002e3c       0xa0 ./Drivers/STM32F4xx_HAL_Driver/Src/stm32f4xx_hal_tim.o
 .text.TIM_CCxChannelCmd
                0x0000000008002edc       0x4a ./Drivers/STM32F4xx_HAL_Driver/Src/stm32f4xx_hal_tim.o
                0x0000000008002edc                TIM_CCxChannelCmd
 *fill*         0x0000000008002f26        0x2 
 .text.HAL_TIMEx_MasterConfigSynchronization
                0x0000000008002f28       0xdc ./Drivers/STM32F4xx_HAL_Driver/Src/stm32f4xx_hal_tim_ex.o
                0x0000000008002f28                HAL_TIMEx_MasterConfigSynchronization
 .text.HAL_TIMEx_CommutCallback
                0x0000000008003004       0x14 ./Drivers/STM32F4xx_HAL_Driver/Src/stm32f4xx_hal_tim_ex.o
                0x0000000008003004                HAL_TIMEx_CommutCallback
 .text.HAL_TIMEx_BreakCallback
                0x0000000008003018       0x14 ./Drivers/STM32F4xx_HAL_Driver/Src/stm32f4xx_hal_tim_ex.o
                0x0000000008003018                HAL_TIMEx_BreakCallback
 .text.HAL_UART_Init
                0x000000000800302c       0x9a ./Drivers/STM32F4xx_HAL_Driver/Src/stm32f4xx_hal_uart.o
                0x000000000800302c                HAL_UART_Init
 *fill*         0x00000000080030c6        0x2 
 .text.UART_SetConfig
                0x00000000080030c8      0x4e8 ./Drivers/STM32F4xx_HAL_Driver/Src/stm32f4xx_hal_uart.o
 .text.memset   0x00000000080035b0       0x10 C:/ST/STM32CubeIDE_1.14.0/STM32CubeIDE/plugins/com.st.stm32cube.ide.mcu.externaltools.gnu-tools-for-stm32.11.3.rel1.win32_1.1.100.202309141235/tools/bin/../lib/gcc/arm-none-eabi/11.3.1/../../../../arm-none-eabi/lib/thumb/v7e-m+fp/hard\libc_nano.a(libc_a-memset.o)
                0x00000000080035b0                memset
 .text.__libc_init_array
                0x00000000080035c0       0x48 C:/ST/STM32CubeIDE_1.14.0/STM32CubeIDE/plugins/com.st.stm32cube.ide.mcu.externaltools.gnu-tools-for-stm32.11.3.rel1.win32_1.1.100.202309141235/tools/bin/../lib/gcc/arm-none-eabi/11.3.1/../../../../arm-none-eabi/lib/thumb/v7e-m+fp/hard\libc_nano.a(libc_a-init.o)
                0x00000000080035c0                __libc_init_array
 *(.glue_7)
 .glue_7        0x0000000008003608        0x0 linker stubs
 *(.glue_7t)
 .glue_7t       0x0000000008003608        0x0 linker stubs
 *(.eh_frame)
 .eh_frame      0x0000000008003608        0x0 C:/ST/STM32CubeIDE_1.14.0/STM32CubeIDE/plugins/com.st.stm32cube.ide.mcu.externaltools.gnu-tools-for-stm32.11.3.rel1.win32_1.1.100.202309141235/tools/bin/../lib/gcc/arm-none-eabi/11.3.1/thumb/v7e-m+fp/hard/crtbegin.o
 *(.init)
 .init          0x0000000008003608        0x4 C:/ST/STM32CubeIDE_1.14.0/STM32CubeIDE/plugins/com.st.stm32cube.ide.mcu.externaltools.gnu-tools-for-stm32.11.3.rel1.win32_1.1.100.202309141235/tools/bin/../lib/gcc/arm-none-eabi/11.3.1/thumb/v7e-m+fp/hard/crti.o
                0x0000000008003608                _init
 .init          0x000000000800360c        0x8 C:/ST/STM32CubeIDE_1.14.0/STM32CubeIDE/plugins/com.st.stm32cube.ide.mcu.externaltools.gnu-tools-for-stm32.11.3.rel1.win32_1.1.100.202309141235/tools/bin/../lib/gcc/arm-none-eabi/11.3.1/thumb/v7e-m+fp/hard/crtn.o
 *(.fini)
 .fini          0x0000000008003614        0x4 C:/ST/STM32CubeIDE_1.14.0/STM32CubeIDE/plugins/com.st.stm32cube.ide.mcu.externaltools.gnu-tools-for-stm32.11.3.rel1.win32_1.1.100.202309141235/tools/bin/../lib/gcc/arm-none-eabi/11.3.1/thumb/v7e-m+fp/hard/crti.o
                0x0000000008003614                _fini
 .fini          0x0000000008003618        0x8 C:/ST/STM32CubeIDE_1.14.0/STM32CubeIDE/plugins/com.st.stm32cube.ide.mcu.externaltools.gnu-tools-for-stm32.11.3.rel1.win32_1.1.100.202309141235/tools/bin/../lib/gcc/arm-none-eabi/11.3.1/thumb/v7e-m+fp/hard/crtn.o
                0x0000000008003620                . = ALIGN (0x4)
                0x0000000008003620                _etext = .

.vfp11_veneer   0x0000000008003620        0x0
 .vfp11_veneer  0x0000000008003620        0x0 linker stubs

.v4_bx          0x0000000008003620        0x0
 .v4_bx         0x0000000008003620        0x0 linker stubs

.iplt           0x0000000008003620        0x0
 .iplt          0x0000000008003620        0x0 C:/ST/STM32CubeIDE_1.14.0/STM32CubeIDE/plugins/com.st.stm32cube.ide.mcu.externaltools.gnu-tools-for-stm32.11.3.rel1.win32_1.1.100.202309141235/tools/bin/../lib/gcc/arm-none-eabi/11.3.1/thumb/v7e-m+fp/hard/crtbegin.o

.rodata         0x0000000008003620       0x18
                0x0000000008003620                . = ALIGN (0x4)
 *(.rodata)
 *(.rodata*)
 .rodata.AHBPrescTable
                0x0000000008003620       0x10 ./Core/Src/system_stm32f4xx.o
                0x0000000008003620                AHBPrescTable
 .rodata.APBPrescTable
                0x0000000008003630        0x8 ./Core/Src/system_stm32f4xx.o
                0x0000000008003630                APBPrescTable
                0x0000000008003638                . = ALIGN (0x4)

.ARM.extab      0x0000000008003638        0x0
                0x0000000008003638                . = ALIGN (0x4)
 *(.ARM.extab* .gnu.linkonce.armextab.*)
                0x0000000008003638                . = ALIGN (0x4)

.ARM            0x0000000008003638        0x8
                0x0000000008003638                . = ALIGN (0x4)
                0x0000000008003638                __exidx_start = .
 *(.ARM.exidx*)
 .ARM.exidx     0x0000000008003638        0x8 C:/ST/STM32CubeIDE_1.14.0/STM32CubeIDE/plugins/com.st.stm32cube.ide.mcu.externaltools.gnu-tools-for-stm32.11.3.rel1.win32_1.1.100.202309141235/tools/bin/../lib/gcc/arm-none-eabi/11.3.1/thumb/v7e-m+fp/hard\libgcc.a(_udivmoddi4.o)
                0x0000000008003640                __exidx_end = .
                0x0000000008003640                . = ALIGN (0x4)

.rel.dyn        0x0000000008003640        0x0
 .rel.iplt      0x0000000008003640        0x0 C:/ST/STM32CubeIDE_1.14.0/STM32CubeIDE/plugins/com.st.stm32cube.ide.mcu.externaltools.gnu-tools-for-stm32.11.3.rel1.win32_1.1.100.202309141235/tools/bin/../lib/gcc/arm-none-eabi/11.3.1/thumb/v7e-m+fp/hard/crtbegin.o

.preinit_array  0x0000000008003640        0x0
                0x0000000008003640                . = ALIGN (0x4)
                0x0000000008003640                PROVIDE (__preinit_array_start = .)
 *(.preinit_array*)
                0x0000000008003640                PROVIDE (__preinit_array_end = .)
                0x0000000008003640                . = ALIGN (0x4)

.init_array     0x0000000008003640        0x4
                0x0000000008003640                . = ALIGN (0x4)
                0x0000000008003640                PROVIDE (__init_array_start = .)
 *(SORT_BY_NAME(.init_array.*))
 *(.init_array*)
 .init_array    0x0000000008003640        0x4 C:/ST/STM32CubeIDE_1.14.0/STM32CubeIDE/plugins/com.st.stm32cube.ide.mcu.externaltools.gnu-tools-for-stm32.11.3.rel1.win32_1.1.100.202309141235/tools/bin/../lib/gcc/arm-none-eabi/11.3.1/thumb/v7e-m+fp/hard/crtbegin.o
                0x0000000008003644                PROVIDE (__init_array_end = .)
                0x0000000008003644                . = ALIGN (0x4)

.fini_array     0x0000000008003644        0x4
                0x0000000008003644                . = ALIGN (0x4)
                [!provide]                        PROVIDE (__fini_array_start = .)
 *(SORT_BY_NAME(.fini_array.*))
 *(.fini_array*)
 .fini_array    0x0000000008003644        0x4 C:/ST/STM32CubeIDE_1.14.0/STM32CubeIDE/plugins/com.st.stm32cube.ide.mcu.externaltools.gnu-tools-for-stm32.11.3.rel1.win32_1.1.100.202309141235/tools/bin/../lib/gcc/arm-none-eabi/11.3.1/thumb/v7e-m+fp/hard/crtbegin.o
                [!provide]                        PROVIDE (__fini_array_end = .)
                0x0000000008003648                . = ALIGN (0x4)
                0x0000000008003648                _sidata = LOADADDR (.data)

.data           0x0000000020000000       0x24 load address 0x0000000008003648
                0x0000000020000000                . = ALIGN (0x4)
                0x0000000020000000                _sdata = .
 *(.data)
 *(.data*)
 .data.kPw      0x0000000020000000        0x4 ./Core/Src/pid.o
                0x0000000020000000                kPw
 .data.kDw      0x0000000020000004        0x4 ./Core/Src/pid.o
                0x0000000020000004                kDw
 .data.kPx      0x0000000020000008        0x4 ./Core/Src/pid.o
                0x0000000020000008                kPx
 .data.kDx      0x000000002000000c        0x4 ./Core/Src/pid.o
                0x000000002000000c                kDx
 .data.bound_x  0x0000000020000010        0x4 ./Core/Src/pid.o
                0x0000000020000010                bound_x
 .data.bound_w  0x0000000020000014        0x4 ./Core/Src/pid.o
                0x0000000020000014                bound_w
 .data.SystemCoreClock
                0x0000000020000018        0x4 ./Core/Src/system_stm32f4xx.o
                0x0000000020000018                SystemCoreClock
 .data.uwTickPrio
                0x000000002000001c        0x4 ./Drivers/STM32F4xx_HAL_Driver/Src/stm32f4xx_hal.o
                0x000000002000001c                uwTickPrio
 .data.uwTickFreq
                0x0000000020000020        0x1 ./Drivers/STM32F4xx_HAL_Driver/Src/stm32f4xx_hal.o
                0x0000000020000020                uwTickFreq
 *(.RamFunc)
 *(.RamFunc*)
                0x0000000020000024                . = ALIGN (0x4)
 *fill*         0x0000000020000021        0x3 
                0x0000000020000024                _edata = .

.igot.plt       0x0000000020000024        0x0 load address 0x000000000800366c
 .igot.plt      0x0000000020000024        0x0 C:/ST/STM32CubeIDE_1.14.0/STM32CubeIDE/plugins/com.st.stm32cube.ide.mcu.externaltools.gnu-tools-for-stm32.11.3.rel1.win32_1.1.100.202309141235/tools/bin/../lib/gcc/arm-none-eabi/11.3.1/thumb/v7e-m+fp/hard/crtbegin.o
                0x0000000020000024                . = ALIGN (0x4)

.bss            0x0000000020000024      0x164 load address 0x000000000800366c
                0x0000000020000024                _sbss = .
                0x0000000020000024                __bss_start__ = _sbss
 *(.bss)
 .bss           0x0000000020000024       0x1c C:/ST/STM32CubeIDE_1.14.0/STM32CubeIDE/plugins/com.st.stm32cube.ide.mcu.externaltools.gnu-tools-for-stm32.11.3.rel1.win32_1.1.100.202309141235/tools/bin/../lib/gcc/arm-none-eabi/11.3.1/thumb/v7e-m+fp/hard/crtbegin.o
 *(.bss*)
 .bss.htim1     0x0000000020000040       0x48 ./Core/Src/main.o
                0x0000000020000040                htim1
 .bss.htim2     0x0000000020000088       0x48 ./Core/Src/main.o
                0x0000000020000088                htim2
 .bss.htim4     0x00000000200000d0       0x48 ./Core/Src/main.o
                0x00000000200000d0                htim4
 .bss.huart2    0x0000000020000118       0x44 ./Core/Src/main.o
                0x0000000020000118                huart2
 .bss.left_counts
                0x000000002000015c        0x2 ./Core/Src/main.o
                0x000000002000015c                left_counts
 .bss.right_counts
                0x000000002000015e        0x2 ./Core/Src/main.o
                0x000000002000015e                right_counts
 .bss.angleError
                0x0000000020000160        0x4 ./Core/Src/pid.o
                0x0000000020000160                angleError
 .bss.oldAngleError
                0x0000000020000164        0x4 ./Core/Src/pid.o
                0x0000000020000164                oldAngleError
 .bss.distanceError
                0x0000000020000168        0x4 ./Core/Src/pid.o
                0x0000000020000168                distanceError
 .bss.oldDistanceError
                0x000000002000016c        0x4 ./Core/Src/pid.o
                0x000000002000016c                oldDistanceError
 .bss.angleCorrection
                0x0000000020000170        0x4 ./Core/Src/pid.o
                0x0000000020000170                angleCorrection
 .bss.distanceCorrection
                0x0000000020000174        0x4 ./Core/Src/pid.o
                0x0000000020000174                distanceCorrection
 .bss.goalDistance
                0x0000000020000178        0x4 ./Core/Src/pid.o
                0x0000000020000178                goalDistance
 .bss.goalAngle
                0x000000002000017c        0x4 ./Core/Src/pid.o
                0x000000002000017c                goalAngle
 .bss.done      0x0000000020000180        0x4 ./Core/Src/pid.o
                0x0000000020000180                done
 .bss.uwTick    0x0000000020000184        0x4 ./Drivers/STM32F4xx_HAL_Driver/Src/stm32f4xx_hal.o
                0x0000000020000184                uwTick
 *(COMMON)
                0x0000000020000188                . = ALIGN (0x4)
                0x0000000020000188                _ebss = .
                0x0000000020000188                __bss_end__ = _ebss

._user_heap_stack
                0x0000000020000188      0x600 load address 0x000000000800366c
                0x0000000020000188                . = ALIGN (0x8)
                [!provide]                        PROVIDE (end = .)
                0x0000000020000188                PROVIDE (_end = .)
                0x0000000020000388                . = (. + _Min_Heap_Size)
 *fill*         0x0000000020000188      0x200 
                0x0000000020000788                . = (. + _Min_Stack_Size)
 *fill*         0x0000000020000388      0x400 
                0x0000000020000788                . = ALIGN (0x8)

/DISCARD/
 libc.a(*)
 libm.a(*)
 libgcc.a(*)

.ARM.attributes
                0x0000000000000000       0x30
 *(.ARM.attributes)
 .ARM.attributes
                0x0000000000000000       0x1e C:/ST/STM32CubeIDE_1.14.0/STM32CubeIDE/plugins/com.st.stm32cube.ide.mcu.externaltools.gnu-tools-for-stm32.11.3.rel1.win32_1.1.100.202309141235/tools/bin/../lib/gcc/arm-none-eabi/11.3.1/thumb/v7e-m+fp/hard/crti.o
 .ARM.attributes
                0x000000000000001e       0x34 C:/ST/STM32CubeIDE_1.14.0/STM32CubeIDE/plugins/com.st.stm32cube.ide.mcu.externaltools.gnu-tools-for-stm32.11.3.rel1.win32_1.1.100.202309141235/tools/bin/../lib/gcc/arm-none-eabi/11.3.1/thumb/v7e-m+fp/hard/crtbegin.o
 .ARM.attributes
                0x0000000000000052       0x34 ./Core/Src/controller.o
 .ARM.attributes
                0x0000000000000086       0x34 ./Core/Src/encoders.o
 .ARM.attributes
                0x00000000000000ba       0x34 ./Core/Src/main.o
 .ARM.attributes
                0x00000000000000ee       0x34 ./Core/Src/motors.o
 .ARM.attributes
                0x0000000000000122       0x34 ./Core/Src/pid.o
 .ARM.attributes
                0x0000000000000156       0x34 ./Core/Src/stm32f4xx_hal_msp.o
 .ARM.attributes
                0x000000000000018a       0x34 ./Core/Src/stm32f4xx_it.o
 .ARM.attributes
                0x00000000000001be       0x34 ./Core/Src/system_stm32f4xx.o
 .ARM.attributes
                0x00000000000001f2       0x34 ./Core/Src/systick.o
 .ARM.attributes
                0x0000000000000226       0x21 ./Core/Startup/startup_stm32f411retx.o
 .ARM.attributes
                0x0000000000000247       0x34 ./Drivers/STM32F4xx_HAL_Driver/Src/stm32f4xx_hal.o
 .ARM.attributes
                0x000000000000027b       0x34 ./Drivers/STM32F4xx_HAL_Driver/Src/stm32f4xx_hal_cortex.o
 .ARM.attributes
                0x00000000000002af       0x34 ./Drivers/STM32F4xx_HAL_Driver/Src/stm32f4xx_hal_gpio.o
 .ARM.attributes
                0x00000000000002e3       0x34 ./Drivers/STM32F4xx_HAL_Driver/Src/stm32f4xx_hal_rcc.o
 .ARM.attributes
                0x0000000000000317       0x34 ./Drivers/STM32F4xx_HAL_Driver/Src/stm32f4xx_hal_tim.o
 .ARM.attributes
                0x000000000000034b       0x34 ./Drivers/STM32F4xx_HAL_Driver/Src/stm32f4xx_hal_tim_ex.o
 .ARM.attributes
                0x000000000000037f       0x34 ./Drivers/STM32F4xx_HAL_Driver/Src/stm32f4xx_hal_uart.o
 .ARM.attributes
                0x00000000000003b3       0x34 C:/ST/STM32CubeIDE_1.14.0/STM32CubeIDE/plugins/com.st.stm32cube.ide.mcu.externaltools.gnu-tools-for-stm32.11.3.rel1.win32_1.1.100.202309141235/tools/bin/../lib/gcc/arm-none-eabi/11.3.1/../../../../arm-none-eabi/lib/thumb/v7e-m+fp/hard\libc_nano.a(libc_a-memset.o)
 .ARM.attributes
                0x00000000000003e7       0x34 C:/ST/STM32CubeIDE_1.14.0/STM32CubeIDE/plugins/com.st.stm32cube.ide.mcu.externaltools.gnu-tools-for-stm32.11.3.rel1.win32_1.1.100.202309141235/tools/bin/../lib/gcc/arm-none-eabi/11.3.1/../../../../arm-none-eabi/lib/thumb/v7e-m+fp/hard\libc_nano.a(libc_a-init.o)
 .ARM.attributes
                0x000000000000041b       0x1e C:/ST/STM32CubeIDE_1.14.0/STM32CubeIDE/plugins/com.st.stm32cube.ide.mcu.externaltools.gnu-tools-for-stm32.11.3.rel1.win32_1.1.100.202309141235/tools/bin/../lib/gcc/arm-none-eabi/11.3.1/thumb/v7e-m+fp/hard\libgcc.a(_aeabi_uldivmod.o)
 .ARM.attributes
                0x0000000000000439       0x34 C:/ST/STM32CubeIDE_1.14.0/STM32CubeIDE/plugins/com.st.stm32cube.ide.mcu.externaltools.gnu-tools-for-stm32.11.3.rel1.win32_1.1.100.202309141235/tools/bin/../lib/gcc/arm-none-eabi/11.3.1/thumb/v7e-m+fp/hard\libgcc.a(_udivmoddi4.o)
 .ARM.attributes
                0x000000000000046d       0x1e C:/ST/STM32CubeIDE_1.14.0/STM32CubeIDE/plugins/com.st.stm32cube.ide.mcu.externaltools.gnu-tools-for-stm32.11.3.rel1.win32_1.1.100.202309141235/tools/bin/../lib/gcc/arm-none-eabi/11.3.1/thumb/v7e-m+fp/hard\libgcc.a(_dvmd_tls.o)
 .ARM.attributes
                0x000000000000048b       0x1e C:/ST/STM32CubeIDE_1.14.0/STM32CubeIDE/plugins/com.st.stm32cube.ide.mcu.externaltools.gnu-tools-for-stm32.11.3.rel1.win32_1.1.100.202309141235/tools/bin/../lib/gcc/arm-none-eabi/11.3.1/thumb/v7e-m+fp/hard/crtn.o
OUTPUT(Rat.elf elf32-littlearm)
LOAD linker stubs
LOAD C:/ST/STM32CubeIDE_1.14.0/STM32CubeIDE/plugins/com.st.stm32cube.ide.mcu.externaltools.gnu-tools-for-stm32.11.3.rel1.win32_1.1.100.202309141235/tools/bin/../lib/gcc/arm-none-eabi/11.3.1/../../../../arm-none-eabi/lib/thumb/v7e-m+fp/hard\libc.a
LOAD C:/ST/STM32CubeIDE_1.14.0/STM32CubeIDE/plugins/com.st.stm32cube.ide.mcu.externaltools.gnu-tools-for-stm32.11.3.rel1.win32_1.1.100.202309141235/tools/bin/../lib/gcc/arm-none-eabi/11.3.1/../../../../arm-none-eabi/lib/thumb/v7e-m+fp/hard\libm.a
LOAD C:/ST/STM32CubeIDE_1.14.0/STM32CubeIDE/plugins/com.st.stm32cube.ide.mcu.externaltools.gnu-tools-for-stm32.11.3.rel1.win32_1.1.100.202309141235/tools/bin/../lib/gcc/arm-none-eabi/11.3.1/thumb/v7e-m+fp/hard\libgcc.a

.comment        0x0000000000000000       0x43
 .comment       0x0000000000000000       0x43 C:/ST/STM32CubeIDE_1.14.0/STM32CubeIDE/plugins/com.st.stm32cube.ide.mcu.externaltools.gnu-tools-for-stm32.11.3.rel1.win32_1.1.100.202309141235/tools/bin/../lib/gcc/arm-none-eabi/11.3.1/thumb/v7e-m+fp/hard/crtbegin.o
                                         0x44 (size before relaxing)
 .comment       0x0000000000000043       0x44 ./Core/Src/controller.o
 .comment       0x0000000000000043       0x44 ./Core/Src/encoders.o
 .comment       0x0000000000000043       0x44 ./Core/Src/main.o
 .comment       0x0000000000000043       0x44 ./Core/Src/motors.o
 .comment       0x0000000000000043       0x44 ./Core/Src/pid.o
 .comment       0x0000000000000043       0x44 ./Core/Src/stm32f4xx_hal_msp.o
 .comment       0x0000000000000043       0x44 ./Core/Src/stm32f4xx_it.o
 .comment       0x0000000000000043       0x44 ./Core/Src/system_stm32f4xx.o
 .comment       0x0000000000000043       0x44 ./Core/Src/systick.o
 .comment       0x0000000000000043       0x44 ./Drivers/STM32F4xx_HAL_Driver/Src/stm32f4xx_hal.o
 .comment       0x0000000000000043       0x44 ./Drivers/STM32F4xx_HAL_Driver/Src/stm32f4xx_hal_cortex.o
 .comment       0x0000000000000043       0x44 ./Drivers/STM32F4xx_HAL_Driver/Src/stm32f4xx_hal_gpio.o
 .comment       0x0000000000000043       0x44 ./Drivers/STM32F4xx_HAL_Driver/Src/stm32f4xx_hal_rcc.o
 .comment       0x0000000000000043       0x44 ./Drivers/STM32F4xx_HAL_Driver/Src/stm32f4xx_hal_tim.o
 .comment       0x0000000000000043       0x44 ./Drivers/STM32F4xx_HAL_Driver/Src/stm32f4xx_hal_tim_ex.o
 .comment       0x0000000000000043       0x44 ./Drivers/STM32F4xx_HAL_Driver/Src/stm32f4xx_hal_uart.o

.debug_info     0x0000000000000000     0xcdb1
 .debug_info    0x0000000000000000      0x11c ./Core/Src/controller.o
 .debug_info    0x000000000000011c      0x1f9 ./Core/Src/encoders.o
 .debug_info    0x0000000000000315     0x1454 ./Core/Src/main.o
 .debug_info    0x0000000000001769      0x22b ./Core/Src/motors.o
 .debug_info    0x0000000000001994      0x2b2 ./Core/Src/pid.o
 .debug_info    0x0000000000001c46      0xfc3 ./Core/Src/stm32f4xx_hal_msp.o
 .debug_info    0x0000000000002c09      0x71a ./Core/Src/stm32f4xx_it.o
 .debug_info    0x0000000000003323      0x53e ./Core/Src/system_stm32f4xx.o
 .debug_info    0x0000000000003861      0x221 ./Core/Src/systick.o
 .debug_info    0x0000000000003a82       0x23 ./Core/Startup/startup_stm32f411retx.o
 .debug_info    0x0000000000003aa5      0x8c4 ./Drivers/STM32F4xx_HAL_Driver/Src/stm32f4xx_hal.o
 .debug_info    0x0000000000004369      0xcb6 ./Drivers/STM32F4xx_HAL_Driver/Src/stm32f4xx_hal_cortex.o
 .debug_info    0x000000000000501f      0x6f9 ./Drivers/STM32F4xx_HAL_Driver/Src/stm32f4xx_hal_gpio.o
 .debug_info    0x0000000000005718      0x8f2 ./Drivers/STM32F4xx_HAL_Driver/Src/stm32f4xx_hal_rcc.o
 .debug_info    0x000000000000600a     0x2941 ./Drivers/STM32F4xx_HAL_Driver/Src/stm32f4xx_hal_tim.o
 .debug_info    0x000000000000894b     0x14a7 ./Drivers/STM32F4xx_HAL_Driver/Src/stm32f4xx_hal_tim_ex.o
 .debug_info    0x0000000000009df2     0x2fbf ./Drivers/STM32F4xx_HAL_Driver/Src/stm32f4xx_hal_uart.o

.debug_abbrev   0x0000000000000000     0x1ebf
 .debug_abbrev  0x0000000000000000       0xc8 ./Core/Src/controller.o
 .debug_abbrev  0x00000000000000c8       0xb8 ./Core/Src/encoders.o
 .debug_abbrev  0x0000000000000180      0x2ef ./Core/Src/main.o
 .debug_abbrev  0x000000000000046f       0xe7 ./Core/Src/motors.o
 .debug_abbrev  0x0000000000000556      0x140 ./Core/Src/pid.o
 .debug_abbrev  0x0000000000000696      0x21f ./Core/Src/stm32f4xx_hal_msp.o
 .debug_abbrev  0x00000000000008b5      0x1bb ./Core/Src/stm32f4xx_it.o
 .debug_abbrev  0x0000000000000a70      0x11a ./Core/Src/system_stm32f4xx.o
 .debug_abbrev  0x0000000000000b8a       0xfb ./Core/Src/systick.o
 .debug_abbrev  0x0000000000000c85       0x12 ./Core/Startup/startup_stm32f411retx.o
 .debug_abbrev  0x0000000000000c97      0x24b ./Drivers/STM32F4xx_HAL_Driver/Src/stm32f4xx_hal.o
 .debug_abbrev  0x0000000000000ee2      0x327 ./Drivers/STM32F4xx_HAL_Driver/Src/stm32f4xx_hal_cortex.o
 .debug_abbrev  0x0000000000001209      0x1d3 ./Drivers/STM32F4xx_HAL_Driver/Src/stm32f4xx_hal_gpio.o
 .debug_abbrev  0x00000000000013dc      0x2b5 ./Drivers/STM32F4xx_HAL_Driver/Src/stm32f4xx_hal_rcc.o
 .debug_abbrev  0x0000000000001691      0x284 ./Drivers/STM32F4xx_HAL_Driver/Src/stm32f4xx_hal_tim.o
 .debug_abbrev  0x0000000000001915      0x28f ./Drivers/STM32F4xx_HAL_Driver/Src/stm32f4xx_hal_tim_ex.o
 .debug_abbrev  0x0000000000001ba4      0x31b ./Drivers/STM32F4xx_HAL_Driver/Src/stm32f4xx_hal_uart.o

.debug_aranges  0x0000000000000000      0xc88
 .debug_aranges
                0x0000000000000000       0x28 ./Core/Src/controller.o
 .debug_aranges
                0x0000000000000028       0x30 ./Core/Src/encoders.o
 .debug_aranges
                0x0000000000000058       0x60 ./Core/Src/main.o
 .debug_aranges
                0x00000000000000b8       0x38 ./Core/Src/motors.o
 .debug_aranges
                0x00000000000000f0       0x40 ./Core/Src/pid.o
 .debug_aranges
                0x0000000000000130       0x58 ./Core/Src/stm32f4xx_hal_msp.o
 .debug_aranges
                0x0000000000000188       0x70 ./Core/Src/stm32f4xx_it.o
 .debug_aranges
                0x00000000000001f8       0x28 ./Core/Src/system_stm32f4xx.o
 .debug_aranges
                0x0000000000000220       0x20 ./Core/Src/systick.o
 .debug_aranges
                0x0000000000000240       0x28 ./Core/Startup/startup_stm32f411retx.o
 .debug_aranges
                0x0000000000000268       0xf0 ./Drivers/STM32F4xx_HAL_Driver/Src/stm32f4xx_hal.o
 .debug_aranges
                0x0000000000000358      0x118 ./Drivers/STM32F4xx_HAL_Driver/Src/stm32f4xx_hal_cortex.o
 .debug_aranges
                0x0000000000000470       0x58 ./Drivers/STM32F4xx_HAL_Driver/Src/stm32f4xx_hal_gpio.o
 .debug_aranges
                0x00000000000004c8       0x88 ./Drivers/STM32F4xx_HAL_Driver/Src/stm32f4xx_hal_rcc.o
 .debug_aranges
                0x0000000000000550      0x3d0 ./Drivers/STM32F4xx_HAL_Driver/Src/stm32f4xx_hal_tim.o
 .debug_aranges
                0x0000000000000920      0x168 ./Drivers/STM32F4xx_HAL_Driver/Src/stm32f4xx_hal_tim_ex.o
 .debug_aranges
                0x0000000000000a88      0x200 ./Drivers/STM32F4xx_HAL_Driver/Src/stm32f4xx_hal_uart.o

.debug_rnglists
                0x0000000000000000      0x9bf
 .debug_rnglists
                0x0000000000000000       0x19 ./Core/Src/controller.o
 .debug_rnglists
                0x0000000000000019       0x1f ./Core/Src/encoders.o
 .debug_rnglists
                0x0000000000000038       0x49 ./Core/Src/main.o
 .debug_rnglists
                0x0000000000000081       0x26 ./Core/Src/motors.o
 .debug_rnglists
                0x00000000000000a7       0x2c ./Core/Src/pid.o
 .debug_rnglists
                0x00000000000000d3       0x3f ./Core/Src/stm32f4xx_hal_msp.o
 .debug_rnglists
                0x0000000000000112       0x4f ./Core/Src/stm32f4xx_it.o
 .debug_rnglists
                0x0000000000000161       0x1a ./Core/Src/system_stm32f4xx.o
 .debug_rnglists
                0x000000000000017b       0x13 ./Core/Src/systick.o
 .debug_rnglists
                0x000000000000018e       0x19 ./Core/Startup/startup_stm32f411retx.o
 .debug_rnglists
                0x00000000000001a7       0xaf ./Drivers/STM32F4xx_HAL_Driver/Src/stm32f4xx_hal.o
 .debug_rnglists
                0x0000000000000256       0xce ./Drivers/STM32F4xx_HAL_Driver/Src/stm32f4xx_hal_cortex.o
 .debug_rnglists
                0x0000000000000324       0x3f ./Drivers/STM32F4xx_HAL_Driver/Src/stm32f4xx_hal_gpio.o
 .debug_rnglists
                0x0000000000000363       0x66 ./Drivers/STM32F4xx_HAL_Driver/Src/stm32f4xx_hal_rcc.o
 .debug_rnglists
                0x00000000000003c9      0x31a ./Drivers/STM32F4xx_HAL_Driver/Src/stm32f4xx_hal_tim.o
 .debug_rnglists
                0x00000000000006e3      0x125 ./Drivers/STM32F4xx_HAL_Driver/Src/stm32f4xx_hal_tim_ex.o
 .debug_rnglists
                0x0000000000000808      0x1b7 ./Drivers/STM32F4xx_HAL_Driver/Src/stm32f4xx_hal_uart.o

.debug_macro    0x0000000000000000    0x15fe5
 .debug_macro   0x0000000000000000      0x1f5 ./Core/Src/controller.o
 .debug_macro   0x00000000000001f5      0xaa8 ./Core/Src/controller.o
 .debug_macro   0x0000000000000c9d      0x29b ./Core/Src/controller.o
 .debug_macro   0x0000000000000f38       0x2e ./Core/Src/controller.o
 .debug_macro   0x0000000000000f66       0x28 ./Core/Src/controller.o
 .debug_macro   0x0000000000000f8e       0x22 ./Core/Src/controller.o
 .debug_macro   0x0000000000000fb0       0x8e ./Core/Src/controller.o
 .debug_macro   0x000000000000103e       0x51 ./Core/Src/controller.o
 .debug_macro   0x000000000000108f      0x103 ./Core/Src/controller.o
 .debug_macro   0x0000000000001192       0x6a ./Core/Src/controller.o
 .debug_macro   0x00000000000011fc      0x1df ./Core/Src/controller.o
 .debug_macro   0x00000000000013db       0x1c ./Core/Src/controller.o
 .debug_macro   0x00000000000013f7       0x22 ./Core/Src/controller.o
 .debug_macro   0x0000000000001419       0xd9 ./Core/Src/controller.o
 .debug_macro   0x00000000000014f2     0x102d ./Core/Src/controller.o
 .debug_macro   0x000000000000251f      0x11f ./Core/Src/controller.o
 .debug_macro   0x000000000000263e     0xb953 ./Core/Src/controller.o
 .debug_macro   0x000000000000df91       0x6d ./Core/Src/controller.o
 .debug_macro   0x000000000000dffe     0x367e ./Core/Src/controller.o
 .debug_macro   0x000000000001167c      0x174 ./Core/Src/controller.o
 .debug_macro   0x00000000000117f0       0x5c ./Core/Src/controller.o
 .debug_macro   0x000000000001184c      0x447 ./Core/Src/controller.o
 .debug_macro   0x0000000000011c93      0x9fe ./Core/Src/controller.o
 .debug_macro   0x0000000000012691      0x115 ./Core/Src/controller.o
 .debug_macro   0x00000000000127a6      0x11b ./Core/Src/controller.o
 .debug_macro   0x00000000000128c1       0xa5 ./Core/Src/controller.o
 .debug_macro   0x0000000000012966      0x15f ./Core/Src/controller.o
 .debug_macro   0x0000000000012ac5      0x287 ./Core/Src/controller.o
 .debug_macro   0x0000000000012d4c       0x5f ./Core/Src/controller.o
 .debug_macro   0x0000000000012dab      0x236 ./Core/Src/controller.o
 .debug_macro   0x0000000000012fe1      0x132 ./Core/Src/controller.o
 .debug_macro   0x0000000000013113      0x264 ./Core/Src/controller.o
 .debug_macro   0x0000000000013377       0x2e ./Core/Src/controller.o
 .debug_macro   0x00000000000133a5      0x11a ./Core/Src/controller.o
 .debug_macro   0x00000000000134bf       0x85 ./Core/Src/controller.o
 .debug_macro   0x0000000000013544       0x89 ./Core/Src/controller.o
 .debug_macro   0x00000000000135cd      0x8e6 ./Core/Src/controller.o
 .debug_macro   0x0000000000013eb3       0x47 ./Core/Src/controller.o
 .debug_macro   0x0000000000013efa      0x295 ./Core/Src/controller.o
 .debug_macro   0x000000000001418f      0x126 ./Core/Src/controller.o
 .debug_macro   0x00000000000142b5       0x8e ./Core/Src/controller.o
 .debug_macro   0x0000000000014343      0x1e7 ./Core/Src/encoders.o
 .debug_macro   0x000000000001452a      0x208 ./Core/Src/main.o
 .debug_macro   0x0000000000014732       0x16 ./Core/Src/main.o
 .debug_macro   0x0000000000014748      0x1e6 ./Core/Src/motors.o
 .debug_macro   0x000000000001492e      0x1f4 ./Core/Src/pid.o
 .debug_macro   0x0000000000014b22      0x1dd ./Core/Src/stm32f4xx_hal_msp.o
 .debug_macro   0x0000000000014cff      0x1f5 ./Core/Src/stm32f4xx_it.o
 .debug_macro   0x0000000000014ef4      0x1ce ./Core/Src/system_stm32f4xx.o
 .debug_macro   0x00000000000150c2      0x1f5 ./Core/Src/systick.o
 .debug_macro   0x00000000000152b7      0x22e ./Drivers/STM32F4xx_HAL_Driver/Src/stm32f4xx_hal.o
 .debug_macro   0x00000000000154e5      0x1ce ./Drivers/STM32F4xx_HAL_Driver/Src/stm32f4xx_hal_cortex.o
 .debug_macro   0x00000000000156b3      0x1d4 ./Drivers/STM32F4xx_HAL_Driver/Src/stm32f4xx_hal_gpio.o
 .debug_macro   0x0000000000015887      0x1f2 ./Drivers/STM32F4xx_HAL_Driver/Src/stm32f4xx_hal_rcc.o
 .debug_macro   0x0000000000015a79      0x1cf ./Drivers/STM32F4xx_HAL_Driver/Src/stm32f4xx_hal_tim.o
 .debug_macro   0x0000000000015c48      0x1ce ./Drivers/STM32F4xx_HAL_Driver/Src/stm32f4xx_hal_tim_ex.o
 .debug_macro   0x0000000000015e16      0x1cf ./Drivers/STM32F4xx_HAL_Driver/Src/stm32f4xx_hal_uart.o

.debug_line     0x0000000000000000     0xf40b
 .debug_line    0x0000000000000000      0x7aa ./Core/Src/controller.o
 .debug_line    0x00000000000007aa      0x78f ./Core/Src/encoders.o
 .debug_line    0x0000000000000f39      0x9d8 ./Core/Src/main.o
 .debug_line    0x0000000000001911      0x7f7 ./Core/Src/motors.o
 .debug_line    0x0000000000002108      0x86e ./Core/Src/pid.o
 .debug_line    0x0000000000002976      0x886 ./Core/Src/stm32f4xx_hal_msp.o
 .debug_line    0x00000000000031fc      0x84f ./Core/Src/stm32f4xx_it.o
 .debug_line    0x0000000000003a4b      0x7d0 ./Core/Src/system_stm32f4xx.o
 .debug_line    0x000000000000421b      0x79c ./Core/Src/systick.o
 .debug_line    0x00000000000049b7       0x7a ./Core/Startup/startup_stm32f411retx.o
 .debug_line    0x0000000000004a31      0xa36 ./Drivers/STM32F4xx_HAL_Driver/Src/stm32f4xx_hal.o
 .debug_line    0x0000000000005467      0xce5 ./Drivers/STM32F4xx_HAL_Driver/Src/stm32f4xx_hal_cortex.o
 .debug_line    0x000000000000614c      0xb6e ./Drivers/STM32F4xx_HAL_Driver/Src/stm32f4xx_hal_gpio.o
 .debug_line    0x0000000000006cba      0xdaf ./Drivers/STM32F4xx_HAL_Driver/Src/stm32f4xx_hal_rcc.o
 .debug_line    0x0000000000007a69     0x34fc ./Drivers/STM32F4xx_HAL_Driver/Src/stm32f4xx_hal_tim.o
 .debug_line    0x000000000000af65     0x19ce ./Drivers/STM32F4xx_HAL_Driver/Src/stm32f4xx_hal_tim_ex.o
 .debug_line    0x000000000000c933     0x2ad8 ./Drivers/STM32F4xx_HAL_Driver/Src/stm32f4xx_hal_uart.o

.debug_str      0x0000000000000000    0x8a2bb
 .debug_str     0x0000000000000000    0x86980 ./Core/Src/controller.o
                                      0x86be6 (size before relaxing)
 .debug_str     0x0000000000086980       0x78 ./Core/Src/encoders.o
                                      0x86c25 (size before relaxing)
 .debug_str     0x00000000000869f8     0x1032 ./Core/Src/main.o
                                      0x87d1d (size before relaxing)
 .debug_str     0x0000000000087a2a       0x4a ./Core/Src/motors.o
                                      0x86c2d (size before relaxing)
 .debug_str     0x0000000000087a74       0xd1 ./Core/Src/pid.o
                                      0x86d21 (size before relaxing)
 .debug_str     0x0000000000087b45      0x10e ./Core/Src/stm32f4xx_hal_msp.o
                                      0x878fe (size before relaxing)
 .debug_str     0x0000000000087c53      0x13a ./Core/Src/stm32f4xx_it.o
                                      0x871e2 (size before relaxing)
 .debug_str     0x0000000000087d8d       0xdb ./Core/Src/system_stm32f4xx.o
                                      0x86b20 (size before relaxing)
 .debug_str     0x0000000000087e68       0x21 ./Core/Src/systick.o
                                      0x86c55 (size before relaxing)
 .debug_str     0x0000000000087e89       0x34 ./Core/Startup/startup_stm32f411retx.o
                                         0x6b (size before relaxing)
 .debug_str     0x0000000000087ebd      0x5fa ./Drivers/STM32F4xx_HAL_Driver/Src/stm32f4xx_hal.o
                                      0x8754c (size before relaxing)
 .debug_str     0x00000000000884b7      0x32d ./Drivers/STM32F4xx_HAL_Driver/Src/stm32f4xx_hal_cortex.o
                                      0x8726d (size before relaxing)
 .debug_str     0x00000000000887e4       0xf1 ./Drivers/STM32F4xx_HAL_Driver/Src/stm32f4xx_hal_gpio.o
                                      0x86c9b (size before relaxing)
 .debug_str     0x00000000000888d5      0x233 ./Drivers/STM32F4xx_HAL_Driver/Src/stm32f4xx_hal_rcc.o
                                      0x86f54 (size before relaxing)
 .debug_str     0x0000000000088b08      0xd04 ./Drivers/STM32F4xx_HAL_Driver/Src/stm32f4xx_hal_tim.o
                                      0x87e88 (size before relaxing)
 .debug_str     0x000000000008980c      0x493 ./Drivers/STM32F4xx_HAL_Driver/Src/stm32f4xx_hal_tim_ex.o
                                      0x876a4 (size before relaxing)
 .debug_str     0x0000000000089c9f      0x61c ./Drivers/STM32F4xx_HAL_Driver/Src/stm32f4xx_hal_uart.o
                                      0x874e1 (size before relaxing)

.debug_frame    0x0000000000000000     0x3370
 .debug_frame   0x0000000000000000       0x58 ./Core/Src/controller.o
 .debug_frame   0x0000000000000058       0x70 ./Core/Src/encoders.o
 .debug_frame   0x00000000000000c8      0x138 ./Core/Src/main.o
 .debug_frame   0x0000000000000200       0x9c ./Core/Src/motors.o
 .debug_frame   0x000000000000029c       0xc0 ./Core/Src/pid.o
 .debug_frame   0x000000000000035c      0x130 ./Core/Src/stm32f4xx_hal_msp.o
 .debug_frame   0x000000000000048c      0x13c ./Core/Src/stm32f4xx_it.o
 .debug_frame   0x00000000000005c8       0x58 ./Core/Src/system_stm32f4xx.o
 .debug_frame   0x0000000000000620       0x38 ./Core/Src/systick.o
 .debug_frame   0x0000000000000658      0x374 ./Drivers/STM32F4xx_HAL_Driver/Src/stm32f4xx_hal.o
 .debug_frame   0x00000000000009cc      0x498 ./Drivers/STM32F4xx_HAL_Driver/Src/stm32f4xx_hal_cortex.o
 .debug_frame   0x0000000000000e64      0x14c ./Drivers/STM32F4xx_HAL_Driver/Src/stm32f4xx_hal_gpio.o
 .debug_frame   0x0000000000000fb0      0x1f4 ./Drivers/STM32F4xx_HAL_Driver/Src/stm32f4xx_hal_rcc.o
 .debug_frame   0x00000000000011a4     0x11bc ./Drivers/STM32F4xx_HAL_Driver/Src/stm32f4xx_hal_tim.o
 .debug_frame   0x0000000000002360      0x638 ./Drivers/STM32F4xx_HAL_Driver/Src/stm32f4xx_hal_tim_ex.o
 .debug_frame   0x0000000000002998      0x92c ./Drivers/STM32F4xx_HAL_Driver/Src/stm32f4xx_hal_uart.o
 .debug_frame   0x00000000000032c4       0x20 C:/ST/STM32CubeIDE_1.14.0/STM32CubeIDE/plugins/com.st.stm32cube.ide.mcu.externaltools.gnu-tools-for-stm32.11.3.rel1.win32_1.1.100.202309141235/tools/bin/../lib/gcc/arm-none-eabi/11.3.1/../../../../arm-none-eabi/lib/thumb/v7e-m+fp/hard\libc_nano.a(libc_a-memset.o)
 .debug_frame   0x00000000000032e4       0x2c C:/ST/STM32CubeIDE_1.14.0/STM32CubeIDE/plugins/com.st.stm32cube.ide.mcu.externaltools.gnu-tools-for-stm32.11.3.rel1.win32_1.1.100.202309141235/tools/bin/../lib/gcc/arm-none-eabi/11.3.1/../../../../arm-none-eabi/lib/thumb/v7e-m+fp/hard\libc_nano.a(libc_a-init.o)
 .debug_frame   0x0000000000003310       0x2c C:/ST/STM32CubeIDE_1.14.0/STM32CubeIDE/plugins/com.st.stm32cube.ide.mcu.externaltools.gnu-tools-for-stm32.11.3.rel1.win32_1.1.100.202309141235/tools/bin/../lib/gcc/arm-none-eabi/11.3.1/thumb/v7e-m+fp/hard\libgcc.a(_aeabi_uldivmod.o)
 .debug_frame   0x000000000000333c       0x34 C:/ST/STM32CubeIDE_1.14.0/STM32CubeIDE/plugins/com.st.stm32cube.ide.mcu.externaltools.gnu-tools-for-stm32.11.3.rel1.win32_1.1.100.202309141235/tools/bin/../lib/gcc/arm-none-eabi/11.3.1/thumb/v7e-m+fp/hard\libgcc.a(_udivmoddi4.o)

.debug_line_str
                0x0000000000000000       0x5f
 .debug_line_str
                0x0000000000000000       0x5f ./Core/Startup/startup_stm32f411retx.o
                                         0x77 (size before relaxing)
