../Core/Src/main.c:88:5:main	16	static
../Core/Src/main.c:177:6:SystemClock_Config	88	static
../Core/Src/main.c:224:13:MX_ADC1_Init	24	static
../Core/Src/main.c:276:13:MX_TIM1_Init	56	static
../Core/Src/main.c:326:13:MX_TIM2_Init	56	static
../Core/Src/main.c:375:13:MX_TIM4_Init	48	static
../Core/Src/main.c:436:13:MX_USART2_UART_Init	8	static
../Core/Src/main.c:467:13:MX_DMA_Init	16	static
../Core/Src/main.c:485:13:MX_GPIO_Init	48	static
../Core/Src/main.c:542:6:HAL_GPIO_EXTI_Callback	16	static
../Core/Src/main.c:550:20:Get_HADC1_Ptr	4	static
../Core/Src/main.c:562:6:Error_Handler	4	static,ignoring_inline_asm
